../Core/Src/main.c:35:5:main	88	static
../Core/Src/main.c:130:6:APP_voidSystemClockInit	8	static
../Core/Src/main.c:146:6:APP_voidCanInit	56	static
../Core/Src/main.c:171:4:APP_u8SameMessage	24	static
../Core/Src/main.c:192:6:APP_voidSendAckUSB	24	static
../Core/Src/main.c:199:6:APP_voidSendDataUSB	32	static
../Core/Src/main.c:232:6:APP_voidReceiveDataUSB	32	static
../Core/Src/main.c:252:6:APP_voidDecimalToHex	32	static
../Core/Src/main.c:264:5:APP_u32StringToHex	24	static
../Core/Src/main.c:280:6:Error_Handler	4	static,ignoring_inline_asm
