../Core/Src/main.c:25:5:main	80	static
../Core/Src/main.c:101:6:APP_voidSystemClockInit	8	static
../Core/Src/main.c:117:6:APP_voidCanInit	56	static
../Core/Src/main.c:142:4:APP_u8SameMessage	24	static
../Core/Src/main.c:163:6:APP_voidSendAckUSB	24	static
../Core/Src/main.c:170:6:APP_voidSendDataUSB	32	static
../Core/Src/main.c:203:6:APP_voidReceiveDataUSB	24	static
../Core/Src/main.c:221:6:APP_voidDecimalToHex	32	static
../Core/Src/main.c:233:5:APP_u32StringToHex	24	static
../Core/Src/main.c:249:6:Error_Handler	4	static,ignoring_inline_asm
