Archive member included to satisfy reference by file (symbol)

d:/stm32cubeide/install/stm32cubeide_1.10.1/stm32cubeide/plugins/com.st.stm32cube.ide.mcu.externaltools.gnu-tools-for-stm32.10.3-2021.10.win32_1.0.0.202111181127/tools/bin/../lib/gcc/arm-none-eabi/10.3.1/../../../../arm-none-eabi/lib/thumb/v7e-m+fp/hard\libc_nano.a(lib_a-errno.o)
                              ./Core/Src/syscalls.o (__errno)
d:/stm32cubeide/install/stm32cubeide_1.10.1/stm32cubeide/plugins/com.st.stm32cube.ide.mcu.externaltools.gnu-tools-for-stm32.10.3-2021.10.win32_1.0.0.202111181127/tools/bin/../lib/gcc/arm-none-eabi/10.3.1/../../../../arm-none-eabi/lib/thumb/v7e-m+fp/hard\libc_nano.a(lib_a-exit.o)
                              d:/stm32cubeide/install/stm32cubeide_1.10.1/stm32cubeide/plugins/com.st.stm32cube.ide.mcu.externaltools.gnu-tools-for-stm32.10.3-2021.10.win32_1.0.0.202111181127/tools/bin/../lib/gcc/arm-none-eabi/10.3.1/../../../../arm-none-eabi/lib/thumb/v7e-m+fp/hard/crt0.o (exit)
d:/stm32cubeide/install/stm32cubeide_1.10.1/stm32cubeide/plugins/com.st.stm32cube.ide.mcu.externaltools.gnu-tools-for-stm32.10.3-2021.10.win32_1.0.0.202111181127/tools/bin/../lib/gcc/arm-none-eabi/10.3.1/../../../../arm-none-eabi/lib/thumb/v7e-m+fp/hard\libc_nano.a(lib_a-impure.o)
                              d:/stm32cubeide/install/stm32cubeide_1.10.1/stm32cubeide/plugins/com.st.stm32cube.ide.mcu.externaltools.gnu-tools-for-stm32.10.3-2021.10.win32_1.0.0.202111181127/tools/bin/../lib/gcc/arm-none-eabi/10.3.1/../../../../arm-none-eabi/lib/thumb/v7e-m+fp/hard\libc_nano.a(lib_a-exit.o) (_global_impure_ptr)
d:/stm32cubeide/install/stm32cubeide_1.10.1/stm32cubeide/plugins/com.st.stm32cube.ide.mcu.externaltools.gnu-tools-for-stm32.10.3-2021.10.win32_1.0.0.202111181127/tools/bin/../lib/gcc/arm-none-eabi/10.3.1/../../../../arm-none-eabi/lib/thumb/v7e-m+fp/hard\libc_nano.a(lib_a-init.o)
                              d:/stm32cubeide/install/stm32cubeide_1.10.1/stm32cubeide/plugins/com.st.stm32cube.ide.mcu.externaltools.gnu-tools-for-stm32.10.3-2021.10.win32_1.0.0.202111181127/tools/bin/../lib/gcc/arm-none-eabi/10.3.1/../../../../arm-none-eabi/lib/thumb/v7e-m+fp/hard/crt0.o (__libc_init_array)
d:/stm32cubeide/install/stm32cubeide_1.10.1/stm32cubeide/plugins/com.st.stm32cube.ide.mcu.externaltools.gnu-tools-for-stm32.10.3-2021.10.win32_1.0.0.202111181127/tools/bin/../lib/gcc/arm-none-eabi/10.3.1/../../../../arm-none-eabi/lib/thumb/v7e-m+fp/hard\libc_nano.a(lib_a-memcpy-stub.o)
                              ./USB_Device/App/usbd_cdc_if.o (memcpy)
d:/stm32cubeide/install/stm32cubeide_1.10.1/stm32cubeide/plugins/com.st.stm32cube.ide.mcu.externaltools.gnu-tools-for-stm32.10.3-2021.10.win32_1.0.0.202111181127/tools/bin/../lib/gcc/arm-none-eabi/10.3.1/../../../../arm-none-eabi/lib/thumb/v7e-m+fp/hard\libc_nano.a(lib_a-memset.o)
                              d:/stm32cubeide/install/stm32cubeide_1.10.1/stm32cubeide/plugins/com.st.stm32cube.ide.mcu.externaltools.gnu-tools-for-stm32.10.3-2021.10.win32_1.0.0.202111181127/tools/bin/../lib/gcc/arm-none-eabi/10.3.1/../../../../arm-none-eabi/lib/thumb/v7e-m+fp/hard/crt0.o (memset)

Discarded input sections

 .text          0x0000000000000000        0x0 d:/stm32cubeide/install/stm32cubeide_1.10.1/stm32cubeide/plugins/com.st.stm32cube.ide.mcu.externaltools.gnu-tools-for-stm32.10.3-2021.10.win32_1.0.0.202111181127/tools/bin/../lib/gcc/arm-none-eabi/10.3.1/thumb/v7e-m+fp/hard/crti.o
 .data          0x0000000000000000        0x0 d:/stm32cubeide/install/stm32cubeide_1.10.1/stm32cubeide/plugins/com.st.stm32cube.ide.mcu.externaltools.gnu-tools-for-stm32.10.3-2021.10.win32_1.0.0.202111181127/tools/bin/../lib/gcc/arm-none-eabi/10.3.1/thumb/v7e-m+fp/hard/crti.o
 .bss           0x0000000000000000        0x0 d:/stm32cubeide/install/stm32cubeide_1.10.1/stm32cubeide/plugins/com.st.stm32cube.ide.mcu.externaltools.gnu-tools-for-stm32.10.3-2021.10.win32_1.0.0.202111181127/tools/bin/../lib/gcc/arm-none-eabi/10.3.1/thumb/v7e-m+fp/hard/crti.o
 .data          0x0000000000000000        0x4 d:/stm32cubeide/install/stm32cubeide_1.10.1/stm32cubeide/plugins/com.st.stm32cube.ide.mcu.externaltools.gnu-tools-for-stm32.10.3-2021.10.win32_1.0.0.202111181127/tools/bin/../lib/gcc/arm-none-eabi/10.3.1/thumb/v7e-m+fp/hard/crtbegin.o
 .rodata        0x0000000000000000       0x24 d:/stm32cubeide/install/stm32cubeide_1.10.1/stm32cubeide/plugins/com.st.stm32cube.ide.mcu.externaltools.gnu-tools-for-stm32.10.3-2021.10.win32_1.0.0.202111181127/tools/bin/../lib/gcc/arm-none-eabi/10.3.1/thumb/v7e-m+fp/hard/crtbegin.o
 .text          0x0000000000000000       0x7c d:/stm32cubeide/install/stm32cubeide_1.10.1/stm32cubeide/plugins/com.st.stm32cube.ide.mcu.externaltools.gnu-tools-for-stm32.10.3-2021.10.win32_1.0.0.202111181127/tools/bin/../lib/gcc/arm-none-eabi/10.3.1/../../../../arm-none-eabi/lib/thumb/v7e-m+fp/hard/crt0.o
[...]
Memory Configuration

Name             Origin             Length             Attributes
RAM              0x0000000020000000 0x0000000000008000 xrw
FLASH            0x0000000008000000 0x0000000000020000 xr
*default*        0x0000000000000000 0xffffffffffffffff

Linker script and memory map

LOAD d:/stm32cubeide/install/stm32cubeide_1.10.1/stm32cubeide/plugins/com.st.stm32cube.ide.mcu.externaltools.gnu-tools-for-stm32.10.3-2021.10.win32_1.0.0.202111181127/tools/bin/../lib/gcc/arm-none-eabi/10.3.1/thumb/v7e-m+fp/hard/crti.o
LOAD d:/stm32cubeide/install/stm32cubeide_1.10.1/stm32cubeide/plugins/com.st.stm32cube.ide.mcu.externaltools.gnu-tools-for-stm32.10.3-2021.10.win32_1.0.0.202111181127/tools/bin/../lib/gcc/arm-none-eabi/10.3.1/thumb/v7e-m+fp/hard/crtbegin.o
LOAD d:/stm32cubeide/install/stm32cubeide_1.10.1/stm32cubeide/plugins/com.st.stm32cube.ide.mcu.externaltools.gnu-tools-for-stm32.10.3-2021.10.win32_1.0.0.202111181127/tools/bin/../lib/gcc/arm-none-eabi/10.3.1/../../../../arm-none-eabi/lib/thumb/v7e-m+fp/hard/crt0.o
LOAD ./Core/Src/main.o
LOAD ./Core/Src/stm32g4xx_hal_msp.o
LOAD ./Core/Src/stm32g4xx_it.o
LOAD ./Core/Src/syscalls.o
LOAD ./Core/Src/sysmem.o
LOAD ./Core/Src/system_stm32g4xx.o
LOAD ./Core/Startup/startup_stm32g431cbtx.o
LOAD ./Drivers/STM32G4xx_HAL_Driver/Src/stm32g4xx_hal.o
LOAD ./Drivers/STM32G4xx_HAL_Driver/Src/stm32g4xx_hal_cortex.o
LOAD ./Drivers/STM32G4xx_HAL_Driver/Src/stm32g4xx_hal_dma.o
LOAD ./Drivers/STM32G4xx_HAL_Driver/Src/stm32g4xx_hal_dma_ex.o
LOAD ./Drivers/STM32G4xx_HAL_Driver/Src/stm32g4xx_hal_exti.o
LOAD ./Drivers/STM32G4xx_HAL_Driver/Src/stm32g4xx_hal_flash.o
LOAD ./Drivers/STM32G4xx_HAL_Driver/Src/stm32g4xx_hal_flash_ex.o
LOAD ./Drivers/STM32G4xx_HAL_Driver/Src/stm32g4xx_hal_flash_ramfunc.o
LOAD ./Drivers/STM32G4xx_HAL_Driver/Src/stm32g4xx_hal_gpio.o
LOAD ./Drivers/STM32G4xx_HAL_Driver/Src/stm32g4xx_hal_pcd.o
LOAD ./Drivers/STM32G4xx_HAL_Driver/Src/stm32g4xx_hal_pcd_ex.o
LOAD ./Drivers/STM32G4xx_HAL_Driver/Src/stm32g4xx_hal_pwr.o
LOAD ./Drivers/STM32G4xx_HAL_Driver/Src/stm32g4xx_hal_pwr_ex.o
LOAD ./Drivers/STM32G4xx_HAL_Driver/Src/stm32g4xx_hal_rcc.o
LOAD ./Drivers/STM32G4xx_HAL_Driver/Src/stm32g4xx_hal_rcc_ex.o
LOAD ./Drivers/STM32G4xx_HAL_Driver/Src/stm32g4xx_ll_usb.o
LOAD ./MCAL/FDCAN/CAN_Program.o
LOAD ./MCAL/GPIO/GPIO_Program.o
LOAD ./MCAL/RCC/RCC_Program.o
LOAD ./Middlewares/ST/STM32_USB_Device_Library/Class/CDC/Src/usbd_cdc.o
LOAD ./Middlewares/ST/STM32_USB_Device_Library/Core/Src/usbd_core.o
LOAD ./Middlewares/ST/STM32_USB_Device_Library/Core/Src/usbd_ctlreq.o
LOAD ./Middlewares/ST/STM32_USB_Device_Library/Core/Src/usbd_ioreq.o
LOAD ./USB_Device/App/usb_device.o
LOAD ./USB_Device/App/usbd_cdc_if.o
LOAD ./USB_Device/App/usbd_desc.o
LOAD ./USB_Device/Target/usbd_conf.o
START GROUP
LOAD d:/stm32cubeide/install/stm32cubeide_1.10.1/stm32cubeide/plugins/com.st.stm32cube.ide.mcu.externaltools.gnu-tools-for-stm32.10.3-2021.10.win32_1.0.0.202111181127/tools/bin/../lib/gcc/arm-none-eabi/10.3.1/../../../../arm-none-eabi/lib/thumb/v7e-m+fp/hard\libc_nano.a
LOAD d:/stm32cubeide/install/stm32cubeide_1.10.1/stm32cubeide/plugins/com.st.stm32cube.ide.mcu.externaltools.gnu-tools-for-stm32.10.3-2021.10.win32_1.0.0.202111181127/tools/bin/../lib/gcc/arm-none-eabi/10.3.1/../../../../arm-none-eabi/lib/thumb/v7e-m+fp/hard\libm.a
END GROUP
START GROUP
LOAD d:/stm32cubeide/install/stm32cubeide_1.10.1/stm32cubeide/plugins/com.st.stm32cube.ide.mcu.externaltools.gnu-tools-for-stm32.10.3-2021.10.win32_1.0.0.202111181127/tools/bin/../lib/gcc/arm-none-eabi/10.3.1/thumb/v7e-m+fp/hard\libgcc.a
LOAD d:/stm32cubeide/install/stm32cubeide_1.10.1/stm32cubeide/plugins/com.st.stm32cube.ide.mcu.externaltools.gnu-tools-for-stm32.10.3-2021.10.win32_1.0.0.202111181127/tools/bin/../lib/gcc/arm-none-eabi/10.3.1/../../../../arm-none-eabi/lib/thumb/v7e-m+fp/hard\libc_nano.a
END GROUP
START GROUP
LOAD d:/stm32cubeide/install/stm32cubeide_1.10.1/stm32cubeide/plugins/com.st.stm32cube.ide.mcu.externaltools.gnu-tools-for-stm32.10.3-2021.10.win32_1.0.0.202111181127/tools/bin/../lib/gcc/arm-none-eabi/10.3.1/thumb/v7e-m+fp/hard\libgcc.a
LOAD d:/stm32cubeide/install/stm32cubeide_1.10.1/stm32cubeide/plugins/com.st.stm32cube.ide.mcu.externaltools.gnu-tools-for-stm32.10.3-2021.10.win32_1.0.0.202111181127/tools/bin/../lib/gcc/arm-none-eabi/10.3.1/../../../../arm-none-eabi/lib/thumb/v7e-m+fp/hard\libc_nano.a
LOAD d:/stm32cubeide/install/stm32cubeide_1.10.1/stm32cubeide/plugins/com.st.stm32cube.ide.mcu.externaltools.gnu-tools-for-stm32.10.3-2021.10.win32_1.0.0.202111181127/tools/bin/../lib/gcc/arm-none-eabi/10.3.1/../../../../arm-none-eabi/lib/thumb/v7e-m+fp/hard\libnosys.a
END GROUP
START GROUP
LOAD d:/stm32cubeide/install/stm32cubeide_1.10.1/stm32cubeide/plugins/com.st.stm32cube.ide.mcu.externaltools.gnu-tools-for-stm32.10.3-2021.10.win32_1.0.0.202111181127/tools/bin/../lib/gcc/arm-none-eabi/10.3.1/thumb/v7e-m+fp/hard\libgcc.a
LOAD d:/stm32cubeide/install/stm32cubeide_1.10.1/stm32cubeide/plugins/com.st.stm32cube.ide.mcu.externaltools.gnu-tools-for-stm32.10.3-2021.10.win32_1.0.0.202111181127/tools/bin/../lib/gcc/arm-none-eabi/10.3.1/../../../../arm-none-eabi/lib/thumb/v7e-m+fp/hard\libc_nano.a
LOAD d:/stm32cubeide/install/stm32cubeide_1.10.1/stm32cubeide/plugins/com.st.stm32cube.ide.mcu.externaltools.gnu-tools-for-stm32.10.3-2021.10.win32_1.0.0.202111181127/tools/bin/../lib/gcc/arm-none-eabi/10.3.1/../../../../arm-none-eabi/lib/thumb/v7e-m+fp/hard\libnosys.a
END GROUP
LOAD d:/stm32cubeide/install/stm32cubeide_1.10.1/stm32cubeide/plugins/com.st.stm32cube.ide.mcu.externaltools.gnu-tools-for-stm32.10.3-2021.10.win32_1.0.0.202111181127/tools/bin/../lib/gcc/arm-none-eabi/10.3.1/thumb/v7e-m+fp/hard/crtend.o
LOAD d:/stm32cubeide/install/stm32cubeide_1.10.1/stm32cubeide/plugins/com.st.stm32cube.ide.mcu.externaltools.gnu-tools-for-stm32.10.3-2021.10.win32_1.0.0.202111181127/tools/bin/../lib/gcc/arm-none-eabi/10.3.1/thumb/v7e-m+fp/hard/crtn.o
                0x0000000020008000                _estack = (ORIGIN (RAM) + LENGTH (RAM))
                0x0000000000000200                _Min_Heap_Size = 0x200
                0x0000000000000400                _Min_Stack_Size = 0x400

.isr_vector     0x0000000008000000      0x1d8
                0x0000000008000000                . = ALIGN (0x4)
 *(.isr_vector)
 .isr_vector    0x0000000008000000      0x1d8 ./Core/Startup/startup_stm32g431cbtx.o
                0x0000000008000000                g_pfnVectors
                0x00000000080001d8                . = ALIGN (0x4)

.text           0x00000000080001d8     0x7d3c
                0x00000000080001d8                . = ALIGN (0x4)
 *(.text)
 .text          0x00000000080001d8       0x40 d:/stm32cubeide/install/stm32cubeide_1.10.1/stm32cubeide/plugins/com.st.stm32cube.ide.mcu.externaltools.gnu-tools-for-stm32.10.3-2021.10.win32_1.0.0.202111181127/tools/bin/../lib/gcc/arm-none-eabi/10.3.1/thumb/v7e-m+fp/hard/crtbegin.o
 *(.text*)
 .text.main     0x0000000008000218      0x210 ./Core/Src/main.o
                0x0000000008000218                main
 .text.USB_voidSendAck
                0x0000000008000428       0x3c ./Core/Src/main.o
                0x0000000008000428                USB_voidSendAck
 .text.USB_voidSendCan
                0x0000000008000464       0x8e ./Core/Src/main.o
                0x0000000008000464                USB_voidSendCan
 *fill*         0x00000000080004f2        0x2 
 .text.decimalToHex
                0x00000000080004f4       0x5c ./Core/Src/main.o
                0x00000000080004f4                decimalToHex
 .text.Receive_USB_data
                0x0000000008000550       0x7e ./Core/Src/main.o
                0x0000000008000550                Receive_USB_data
 .text.hexstr_to_Hex
                0x00000000080005ce       0x82 ./Core/Src/main.o
                0x00000000080005ce                hexstr_to_Hex
 .text.Error_Handler
                0x0000000008000650        0xa ./Core/Src/main.o
                0x0000000008000650                Error_Handler
 .text.NMI_Handler
                0x000000000800065a        0x6 ./Core/Src/stm32g4xx_it.o
                0x000000000800065a                NMI_Handler
 .text.HardFault_Handler
                0x0000000008000660        0x6 ./Core/Src/stm32g4xx_it.o
                0x0000000008000660                HardFault_Handler
 .text.MemManage_Handler
                0x0000000008000666        0x6 ./Core/Src/stm32g4xx_it.o
                0x0000000008000666                MemManage_Handler
 .text.BusFault_Handler
                0x000000000800066c        0x6 ./Core/Src/stm32g4xx_it.o
                0x000000000800066c                BusFault_Handler
 .text.UsageFault_Handler
                0x0000000008000672        0x6 ./Core/Src/stm32g4xx_it.o
                0x0000000008000672                UsageFault_Handler
 .text.SVC_Handler
                0x0000000008000678        0xe ./Core/Src/stm32g4xx_it.o
                0x0000000008000678                SVC_Handler
 .text.DebugMon_Handler
                0x0000000008000686        0xe ./Core/Src/stm32g4xx_it.o
                0x0000000008000686                DebugMon_Handler
 .text.PendSV_Handler
                0x0000000008000694        0xe ./Core/Src/stm32g4xx_it.o
                0x0000000008000694                PendSV_Handler
 .text.SysTick_Handler
                0x00000000080006a2        0xc ./Core/Src/stm32g4xx_it.o
                0x00000000080006a2                SysTick_Handler
 *fill*         0x00000000080006ae        0x2 
 .text.USB_LP_IRQHandler
                0x00000000080006b0       0x14 ./Core/Src/stm32g4xx_it.o
                0x00000000080006b0                USB_LP_IRQHandler
 .text.SystemInit
                0x00000000080006c4       0x24 ./Core/Src/system_stm32g4xx.o
                0x00000000080006c4                SystemInit
 .text.Reset_Handler
                0x00000000080006e8       0x50 ./Core/Startup/startup_stm32g431cbtx.o
                0x00000000080006e8                Reset_Handler
 .text.Default_Handler
                0x0000000008000738        0x2 ./Core/Startup/startup_stm32g431cbtx.o
                0x0000000008000738                RTC_Alarm_IRQHandler
                0x0000000008000738                EXTI2_IRQHandler
                0x0000000008000738                TIM8_TRG_COM_IRQHandler
                0x0000000008000738                TIM8_CC_IRQHandler
                0x0000000008000738                TIM1_CC_IRQHandler
                0x0000000008000738                USB_HP_IRQHandler
                0x0000000008000738                CORDIC_IRQHandler
                0x0000000008000738                EXTI3_IRQHandler
                0x0000000008000738                I2C3_ER_IRQHandler
                0x0000000008000738                EXTI0_IRQHandler
                0x0000000008000738                I2C2_EV_IRQHandler
                0x0000000008000738                FPU_IRQHandler
                0x0000000008000738                FDCAN1_IT1_IRQHandler
                0x0000000008000738                TIM1_UP_TIM16_IRQHandler
                0x0000000008000738                ADC1_2_IRQHandler
                0x0000000008000738                SPI1_IRQHandler
                0x0000000008000738                TIM6_DAC_IRQHandler
                0x0000000008000738                TIM8_UP_IRQHandler
                0x0000000008000738                DMA2_Channel2_IRQHandler
                0x0000000008000738                DMA1_Channel4_IRQHandler
                0x0000000008000738                USART3_IRQHandler
                0x0000000008000738                TIM4_IRQHandler
                0x0000000008000738                DMA2_Channel1_IRQHandler
                0x0000000008000738                I2C1_EV_IRQHandler
                0x0000000008000738                DMA1_Channel6_IRQHandler
                0x0000000008000738                UART4_IRQHandler
                0x0000000008000738                DMA2_Channel4_IRQHandler
                0x0000000008000738                TIM3_IRQHandler
                0x0000000008000738                RCC_IRQHandler
                0x0000000008000738                DMA1_Channel1_IRQHandler
                0x0000000008000738                Default_Handler
                0x0000000008000738                RTC_TAMP_LSECSS_IRQHandler
                0x0000000008000738                FMAC_IRQHandler
                0x0000000008000738                EXTI15_10_IRQHandler
                0x0000000008000738                TIM7_IRQHandler
                0x0000000008000738                UCPD1_IRQHandler
                0x0000000008000738                I2C3_EV_IRQHandler
                0x0000000008000738                EXTI9_5_IRQHandler
                0x0000000008000738                RTC_WKUP_IRQHandler
                0x0000000008000738                PVD_PVM_IRQHandler
                0x0000000008000738                SPI2_IRQHandler
                0x0000000008000738                DMA2_Channel5_IRQHandler
                0x0000000008000738                CRS_IRQHandler
                0x0000000008000738                DMA1_Channel5_IRQHandler
                0x0000000008000738                EXTI4_IRQHandler
                0x0000000008000738                RNG_IRQHandler
                0x0000000008000738                TIM1_TRG_COM_TIM17_IRQHandler
                0x0000000008000738                DMA1_Channel3_IRQHandler
                0x0000000008000738                WWDG_IRQHandler
                0x0000000008000738                LPUART1_IRQHandler
                0x0000000008000738                DMA2_Channel6_IRQHandler
                0x0000000008000738                FDCAN1_IT0_IRQHandler
                0x0000000008000738                TIM2_IRQHandler
                0x0000000008000738                COMP1_2_3_IRQHandler
                0x0000000008000738                EXTI1_IRQHandler
                0x0000000008000738                USART2_IRQHandler
                0x0000000008000738                I2C2_ER_IRQHandler
                0x0000000008000738                DMA1_Channel2_IRQHandler
                0x0000000008000738                TIM8_BRK_IRQHandler
                0x0000000008000738                FLASH_IRQHandler
                0x0000000008000738                USART1_IRQHandler
                0x0000000008000738                SPI3_IRQHandler
                0x0000000008000738                I2C1_ER_IRQHandler
                0x0000000008000738                LPTIM1_IRQHandler
                0x0000000008000738                DMAMUX_OVR_IRQHandler
                0x0000000008000738                USBWakeUp_IRQHandler
                0x0000000008000738                SAI1_IRQHandler
                0x0000000008000738                DMA2_Channel3_IRQHandler
                0x0000000008000738                COMP4_IRQHandler
                0x0000000008000738                TIM1_BRK_TIM15_IRQHandler
 *fill*         0x000000000800073a        0x2 
 .text.HAL_IncTick
                0x000000000800073c       0x24 ./Drivers/STM32G4xx_HAL_Driver/Src/stm32g4xx_hal.o
                0x000000000800073c                HAL_IncTick
 .text.HAL_GetTick
                0x0000000008000760       0x18 ./Drivers/STM32G4xx_HAL_Driver/Src/stm32g4xx_hal.o
                0x0000000008000760                HAL_GetTick
 .text.__NVIC_GetPriorityGrouping
                0x0000000008000778       0x1c ./Drivers/STM32G4xx_HAL_Driver/Src/stm32g4xx_hal_cortex.o
 .text.__NVIC_EnableIRQ
                0x0000000008000794       0x3c ./Drivers/STM32G4xx_HAL_Driver/Src/stm32g4xx_hal_cortex.o
 .text.__NVIC_SetPriority
                0x00000000080007d0       0x54 ./Drivers/STM32G4xx_HAL_Driver/Src/stm32g4xx_hal_cortex.o
 .text.NVIC_EncodePriority
                0x0000000008000824       0x66 ./Drivers/STM32G4xx_HAL_Driver/Src/stm32g4xx_hal_cortex.o
 .text.HAL_NVIC_SetPriority
                0x000000000800088a       0x34 ./Drivers/STM32G4xx_HAL_Driver/Src/stm32g4xx_hal_cortex.o
                0x000000000800088a                HAL_NVIC_SetPriority
 .text.HAL_NVIC_EnableIRQ
                0x00000000080008be       0x1c ./Drivers/STM32G4xx_HAL_Driver/Src/stm32g4xx_hal_cortex.o
                0x00000000080008be                HAL_NVIC_EnableIRQ
 .text.HAL_PCD_Init
                0x00000000080008da      0x19c ./Drivers/STM32G4xx_HAL_Driver/Src/stm32g4xx_hal_pcd.o
                0x00000000080008da                HAL_PCD_Init
 .text.HAL_PCD_Start
                0x0000000008000a76       0x44 ./Drivers/STM32G4xx_HAL_Driver/Src/stm32g4xx_hal_pcd.o
                0x0000000008000a76                HAL_PCD_Start
 .text.HAL_PCD_IRQHandler
                0x0000000008000aba      0x24e ./Drivers/STM32G4xx_HAL_Driver/Src/stm32g4xx_hal_pcd.o
                0x0000000008000aba                HAL_PCD_IRQHandler
 .text.HAL_PCD_SetAddress
                0x0000000008000d08       0x48 ./Drivers/STM32G4xx_HAL_Driver/Src/stm32g4xx_hal_pcd.o
                0x0000000008000d08                HAL_PCD_SetAddress
 .text.HAL_PCD_EP_Open
                0x0000000008000d50       0xba ./Drivers/STM32G4xx_HAL_Driver/Src/stm32g4xx_hal_pcd.o
                0x0000000008000d50                HAL_PCD_EP_Open
 .text.HAL_PCD_EP_Close
                0x0000000008000e0a       0x90 ./Drivers/STM32G4xx_HAL_Driver/Src/stm32g4xx_hal_pcd.o
                0x0000000008000e0a                HAL_PCD_EP_Close
 .text.HAL_PCD_EP_Receive
                0x0000000008000e9a       0x62 ./Drivers/STM32G4xx_HAL_Driver/Src/stm32g4xx_hal_pcd.o
                0x0000000008000e9a                HAL_PCD_EP_Receive
 .text.HAL_PCD_EP_GetRxCount
                0x0000000008000efc       0x30 ./Drivers/STM32G4xx_HAL_Driver/Src/stm32g4xx_hal_pcd.o
                0x0000000008000efc                HAL_PCD_EP_GetRxCount
 .text.HAL_PCD_EP_Transmit
                0x0000000008000f2c       0x6e ./Drivers/STM32G4xx_HAL_Driver/Src/stm32g4xx_hal_pcd.o
                0x0000000008000f2c                HAL_PCD_EP_Transmit
 .text.HAL_PCD_EP_SetStall
                0x0000000008000f9a       0xa4 ./Drivers/STM32G4xx_HAL_Driver/Src/stm32g4xx_hal_pcd.o
                0x0000000008000f9a                HAL_PCD_EP_SetStall
 .text.HAL_PCD_EP_ClrStall
                0x000000000800103e       0xa8 ./Drivers/STM32G4xx_HAL_Driver/Src/stm32g4xx_hal_pcd.o
                0x000000000800103e                HAL_PCD_EP_ClrStall
 .text.PCD_EP_ISR_Handler
                0x00000000080010e6      0x784 ./Drivers/STM32G4xx_HAL_Driver/Src/stm32g4xx_hal_pcd.o
 .text.HAL_PCD_EP_DB_Receive
                0x000000000800186a      0x212 ./Drivers/STM32G4xx_HAL_Driver/Src/stm32g4xx_hal_pcd.o
 .text.HAL_PCD_EP_DB_Transmit
                0x0000000008001a7c      0x7ec ./Drivers/STM32G4xx_HAL_Driver/Src/stm32g4xx_hal_pcd.o
 .text.HAL_PCDEx_PMAConfig
                0x0000000008002268       0x86 ./Drivers/STM32G4xx_HAL_Driver/Src/stm32g4xx_hal_pcd_ex.o
                0x0000000008002268                HAL_PCDEx_PMAConfig
 .text.HAL_PCDEx_ActivateLPM
                0x00000000080022ee       0x54 ./Drivers/STM32G4xx_HAL_Driver/Src/stm32g4xx_hal_pcd_ex.o
                0x00000000080022ee                HAL_PCDEx_ActivateLPM
 *fill*         0x0000000008002342        0x2 
 .text.HAL_RCCEx_PeriphCLKConfig
                0x0000000008002344      0x3e0 ./Drivers/STM32G4xx_HAL_Driver/Src/stm32g4xx_hal_rcc_ex.o
                0x0000000008002344                HAL_RCCEx_PeriphCLKConfig
 .text.USB_EnableGlobalInt
                0x0000000008002724       0x2e ./Drivers/STM32G4xx_HAL_Driver/Src/stm32g4xx_ll_usb.o
                0x0000000008002724                USB_EnableGlobalInt
 .text.USB_DisableGlobalInt
                0x0000000008002752       0x36 ./Drivers/STM32G4xx_HAL_Driver/Src/stm32g4xx_ll_usb.o
                0x0000000008002752                USB_DisableGlobalInt
 .text.USB_DevInit
                0x0000000008002788       0x3c ./Drivers/STM32G4xx_HAL_Driver/Src/stm32g4xx_ll_usb.o
                0x0000000008002788                USB_DevInit
 .text.USB_ActivateEndpoint
                0x00000000080027c4      0x788 ./Drivers/STM32G4xx_HAL_Driver/Src/stm32g4xx_ll_usb.o
                0x00000000080027c4                USB_ActivateEndpoint
 .text.USB_DeactivateEndpoint
                0x0000000008002f4c      0x3da ./Drivers/STM32G4xx_HAL_Driver/Src/stm32g4xx_ll_usb.o
                0x0000000008002f4c                USB_DeactivateEndpoint
 .text.USB_EPStartXfer
                0x0000000008003326     0x1762 ./Drivers/STM32G4xx_HAL_Driver/Src/stm32g4xx_ll_usb.o
                0x0000000008003326                USB_EPStartXfer
 .text.USB_EPSetStall
                0x0000000008004a88       0xa2 ./Drivers/STM32G4xx_HAL_Driver/Src/stm32g4xx_ll_usb.o
                0x0000000008004a88                USB_EPSetStall
 .text.USB_EPClearStall
                0x0000000008004b2a      0x15c ./Drivers/STM32G4xx_HAL_Driver/Src/stm32g4xx_ll_usb.o
                0x0000000008004b2a                USB_EPClearStall
 .text.USB_SetDevAddress
                0x0000000008004c86       0x28 ./Drivers/STM32G4xx_HAL_Driver/Src/stm32g4xx_ll_usb.o
                0x0000000008004c86                USB_SetDevAddress
 .text.USB_DevConnect
                0x0000000008004cae       0x2e ./Drivers/STM32G4xx_HAL_Driver/Src/stm32g4xx_ll_usb.o
                0x0000000008004cae                USB_DevConnect
 .text.USB_ReadInterrupts
                0x0000000008004cdc       0x20 ./Drivers/STM32G4xx_HAL_Driver/Src/stm32g4xx_ll_usb.o
                0x0000000008004cdc                USB_ReadInterrupts
 .text.USB_WritePMA
                0x0000000008004cfc       0x84 ./Drivers/STM32G4xx_HAL_Driver/Src/stm32g4xx_ll_usb.o
                0x0000000008004cfc                USB_WritePMA
 .text.USB_ReadPMA
                0x0000000008004d80       0x98 ./Drivers/STM32G4xx_HAL_Driver/Src/stm32g4xx_ll_usb.o
                0x0000000008004d80                USB_ReadPMA
 .text.CAN_voidInit
                0x0000000008004e18      0x320 ./MCAL/FDCAN/CAN_Program.o
                0x0000000008004e18                CAN_voidInit
 .text.CAN_voidReceiveDataFrame
                0x0000000008005138      0x1a8 ./MCAL/FDCAN/CAN_Program.o
                0x0000000008005138                CAN_voidReceiveDataFrame
 .text.CAN_u8IsRxBufferFull
                0x00000000080052e0       0x42 ./MCAL/FDCAN/CAN_Program.o
                0x00000000080052e0                CAN_u8IsRxBufferFull
 *fill*         0x0000000008005322        0x2 
 .text.CAN_voidSendDataFrame
                0x0000000008005324      0x148 ./MCAL/FDCAN/CAN_Program.o
                0x0000000008005324                CAN_voidSendDataFrame
 .text.GPIO_voidSetPinMode
                0x000000000800546c       0xbc ./MCAL/GPIO/GPIO_Program.o
 .text.GPIO_voidSetPinOutput_typ_spd
                0x0000000008005528       0xfc ./MCAL/GPIO/GPIO_Program.o
 .text.GPIO_voidSetPinPUPD
                0x0000000008005624       0xbc ./MCAL/GPIO/GPIO_Program.o
 .text.GPIO_voidAltFunc
                0x00000000080056e0       0xf4 ./MCAL/GPIO/GPIO_Program.o
 .text.GPIO_voidInitPin
                0x00000000080057d4       0x5a ./MCAL/GPIO/GPIO_Program.o
                0x00000000080057d4                GPIO_voidInitPin
 *fill*         0x000000000800582e        0x2 
 .text.RCC_voidInit
                0x0000000008005830       0xc8 ./MCAL/RCC/RCC_Program.o
                0x0000000008005830                RCC_voidInit
 .text.RCC_voidPeripheralClockEnable
                0x00000000080058f8       0xc8 ./MCAL/RCC/RCC_Program.o
                0x00000000080058f8                RCC_voidPeripheralClockEnable
 .text.RCC_voidPeripheralClockCfg
                0x00000000080059c0      0x1f8 ./MCAL/RCC/RCC_Program.o
                0x00000000080059c0                RCC_voidPeripheralClockCfg
 .text.USBD_CDC_Init
                0x0000000008005bb8       0xfe ./Middlewares/ST/STM32_USB_Device_Library/Class/CDC/Src/usbd_cdc.o
 .text.USBD_CDC_DeInit
                0x0000000008005cb6       0x74 ./Middlewares/ST/STM32_USB_Device_Library/Class/CDC/Src/usbd_cdc.o
 *fill*         0x0000000008005d2a        0x2 
 .text.USBD_CDC_Setup
                0x0000000008005d2c      0x190 ./Middlewares/ST/STM32_USB_Device_Library/Class/CDC/Src/usbd_cdc.o
 .text.USBD_CDC_DataIn
                0x0000000008005ebc       0xca ./Middlewares/ST/STM32_USB_Device_Library/Class/CDC/Src/usbd_cdc.o
 .text.USBD_CDC_DataOut
                0x0000000008005f86       0x56 ./Middlewares/ST/STM32_USB_Device_Library/Class/CDC/Src/usbd_cdc.o
 .text.USBD_CDC_EP0_RxReady
                0x0000000008005fdc       0x5a ./Middlewares/ST/STM32_USB_Device_Library/Class/CDC/Src/usbd_cdc.o
 *fill*         0x0000000008006036        0x2 
 .text.USBD_CDC_GetFSCfgDesc
                0x0000000008006038       0x20 ./Middlewares/ST/STM32_USB_Device_Library/Class/CDC/Src/usbd_cdc.o
 .text.USBD_CDC_GetHSCfgDesc
                0x0000000008006058       0x20 ./Middlewares/ST/STM32_USB_Device_Library/Class/CDC/Src/usbd_cdc.o
 .text.USBD_CDC_GetOtherSpeedCfgDesc
                0x0000000008006078       0x20 ./Middlewares/ST/STM32_USB_Device_Library/Class/CDC/Src/usbd_cdc.o
 .text.USBD_CDC_GetDeviceQualifierDescriptor
                0x0000000008006098       0x20 ./Middlewares/ST/STM32_USB_Device_Library/Class/CDC/Src/usbd_cdc.o
                0x0000000008006098                USBD_CDC_GetDeviceQualifierDescriptor
 .text.USBD_CDC_RegisterInterface
                0x00000000080060b8       0x2a ./Middlewares/ST/STM32_USB_Device_Library/Class/CDC/Src/usbd_cdc.o
                0x00000000080060b8                USBD_CDC_RegisterInterface
 .text.USBD_CDC_SetTxBuffer
                0x00000000080060e2       0x3c ./Middlewares/ST/STM32_USB_Device_Library/Class/CDC/Src/usbd_cdc.o
                0x00000000080060e2                USBD_CDC_SetTxBuffer
 .text.USBD_CDC_SetRxBuffer
                0x000000000800611e       0x32 ./Middlewares/ST/STM32_USB_Device_Library/Class/CDC/Src/usbd_cdc.o
                0x000000000800611e                USBD_CDC_SetRxBuffer
 .text.USBD_CDC_TransmitPacket
                0x0000000008006150       0x60 ./Middlewares/ST/STM32_USB_Device_Library/Class/CDC/Src/usbd_cdc.o
                0x0000000008006150                USBD_CDC_TransmitPacket
 .text.USBD_CDC_ReceivePacket
                0x00000000080061b0       0x54 ./Middlewares/ST/STM32_USB_Device_Library/Class/CDC/Src/usbd_cdc.o
                0x00000000080061b0                USBD_CDC_ReceivePacket
 .text.USBD_Init
                0x0000000008006204       0x60 ./Middlewares/ST/STM32_USB_Device_Library/Core/Src/usbd_core.o
                0x0000000008006204                USBD_Init
 .text.USBD_RegisterClass
                0x0000000008006264       0x4e ./Middlewares/ST/STM32_USB_Device_Library/Core/Src/usbd_core.o
                0x0000000008006264                USBD_RegisterClass
 .text.USBD_Start
                0x00000000080062b2       0x18 ./Middlewares/ST/STM32_USB_Device_Library/Core/Src/usbd_core.o
                0x00000000080062b2                USBD_Start
 .text.USBD_RunTestMode
                0x00000000080062ca       0x16 ./Middlewares/ST/STM32_USB_Device_Library/Core/Src/usbd_core.o
                0x00000000080062ca                USBD_RunTestMode
 .text.USBD_SetClassConfig
                0x00000000080062e0       0x38 ./Middlewares/ST/STM32_USB_Device_Library/Core/Src/usbd_core.o
                0x00000000080062e0                USBD_SetClassConfig
 .text.USBD_ClrClassConfig
                0x0000000008006318       0x30 ./Middlewares/ST/STM32_USB_Device_Library/Core/Src/usbd_core.o
                0x0000000008006318                USBD_ClrClassConfig
 .text.USBD_LL_SetupStage
                0x0000000008006348       0xaa ./Middlewares/ST/STM32_USB_Device_Library/Core/Src/usbd_core.o
                0x0000000008006348                USBD_LL_SetupStage
 .text.USBD_LL_DataOutStage
                0x00000000080063f2       0xc6 ./Middlewares/ST/STM32_USB_Device_Library/Core/Src/usbd_core.o
                0x00000000080063f2                USBD_LL_DataOutStage
 .text.USBD_LL_DataInStage
                0x00000000080064b8      0x12c ./Middlewares/ST/STM32_USB_Device_Library/Core/Src/usbd_core.o
                0x00000000080064b8                USBD_LL_DataInStage
 .text.USBD_LL_Reset
                0x00000000080065e4       0x9c ./Middlewares/ST/STM32_USB_Device_Library/Core/Src/usbd_core.o
                0x00000000080065e4                USBD_LL_Reset
 .text.USBD_LL_SetSpeed
                0x0000000008006680       0x20 ./Middlewares/ST/STM32_USB_Device_Library/Core/Src/usbd_core.o
                0x0000000008006680                USBD_LL_SetSpeed
 .text.USBD_LL_Suspend
                0x00000000080066a0       0x2c ./Middlewares/ST/STM32_USB_Device_Library/Core/Src/usbd_core.o
                0x00000000080066a0                USBD_LL_Suspend
 .text.USBD_LL_Resume
                0x00000000080066cc       0x30 ./Middlewares/ST/STM32_USB_Device_Library/Core/Src/usbd_core.o
                0x00000000080066cc                USBD_LL_Resume
 .text.USBD_LL_SOF
                0x00000000080066fc       0x44 ./Middlewares/ST/STM32_USB_Device_Library/Core/Src/usbd_core.o
                0x00000000080066fc                USBD_LL_SOF
 .text.SWAPBYTE
                0x0000000008006740       0x3c ./Middlewares/ST/STM32_USB_Device_Library/Core/Src/usbd_ctlreq.o
 .text.USBD_StdDevReq
                0x000000000800677c       0xdc ./Middlewares/ST/STM32_USB_Device_Library/Core/Src/usbd_ctlreq.o
                0x000000000800677c                USBD_StdDevReq
 .text.USBD_StdItfReq
                0x0000000008006858       0x92 ./Middlewares/ST/STM32_USB_Device_Library/Core/Src/usbd_ctlreq.o
                0x0000000008006858                USBD_StdItfReq
 .text.USBD_StdEPReq
                0x00000000080068ea      0x2c4 ./Middlewares/ST/STM32_USB_Device_Library/Core/Src/usbd_ctlreq.o
                0x00000000080068ea                USBD_StdEPReq
 *fill*         0x0000000008006bae        0x2 
 .text.USBD_GetDescriptor
                0x0000000008006bb0      0x328 ./Middlewares/ST/STM32_USB_Device_Library/Core/Src/usbd_ctlreq.o
 .text.USBD_SetAddress
                0x0000000008006ed8       0x88 ./Middlewares/ST/STM32_USB_Device_Library/Core/Src/usbd_ctlreq.o
 .text.USBD_SetConfig
                0x0000000008006f60      0x14c ./Middlewares/ST/STM32_USB_Device_Library/Core/Src/usbd_ctlreq.o
 .text.USBD_GetConfig
                0x00000000080070ac       0x6c ./Middlewares/ST/STM32_USB_Device_Library/Core/Src/usbd_ctlreq.o
 .text.USBD_GetStatus
                0x0000000008007118       0x68 ./Middlewares/ST/STM32_USB_Device_Library/Core/Src/usbd_ctlreq.o
 .text.USBD_SetFeature
                0x0000000008007180       0x28 ./Middlewares/ST/STM32_USB_Device_Library/Core/Src/usbd_ctlreq.o
 .text.USBD_ClrFeature
                0x00000000080071a8       0x44 ./Middlewares/ST/STM32_USB_Device_Library/Core/Src/usbd_ctlreq.o
 .text.USBD_ParseSetupRequest
                0x00000000080071ec       0x74 ./Middlewares/ST/STM32_USB_Device_Library/Core/Src/usbd_ctlreq.o
                0x00000000080071ec                USBD_ParseSetupRequest
 .text.USBD_CtlError
                0x0000000008007260       0x22 ./Middlewares/ST/STM32_USB_Device_Library/Core/Src/usbd_ctlreq.o
                0x0000000008007260                USBD_CtlError
 .text.USBD_GetString
                0x0000000008007282       0x8c ./Middlewares/ST/STM32_USB_Device_Library/Core/Src/usbd_ctlreq.o
                0x0000000008007282                USBD_GetString
 .text.USBD_GetLen
                0x000000000800730e       0x34 ./Middlewares/ST/STM32_USB_Device_Library/Core/Src/usbd_ctlreq.o
 .text.USBD_CtlSendData
                0x0000000008007342       0x36 ./Middlewares/ST/STM32_USB_Device_Library/Core/Src/usbd_ioreq.o
                0x0000000008007342                USBD_CtlSendData
 .text.USBD_CtlContinueSendData
                0x0000000008007378       0x22 ./Middlewares/ST/STM32_USB_Device_Library/Core/Src/usbd_ioreq.o
                0x0000000008007378                USBD_CtlContinueSendData
 .text.USBD_CtlPrepareRx
                0x000000000800739a       0x3a ./Middlewares/ST/STM32_USB_Device_Library/Core/Src/usbd_ioreq.o
                0x000000000800739a                USBD_CtlPrepareRx
 .text.USBD_CtlContinueRx
                0x00000000080073d4       0x22 ./Middlewares/ST/STM32_USB_Device_Library/Core/Src/usbd_ioreq.o
                0x00000000080073d4                USBD_CtlContinueRx
 .text.USBD_CtlSendStatus
                0x00000000080073f6       0x26 ./Middlewares/ST/STM32_USB_Device_Library/Core/Src/usbd_ioreq.o
                0x00000000080073f6                USBD_CtlSendStatus
 .text.USBD_CtlReceiveStatus
                0x000000000800741c       0x26 ./Middlewares/ST/STM32_USB_Device_Library/Core/Src/usbd_ioreq.o
                0x000000000800741c                USBD_CtlReceiveStatus
 *fill*         0x0000000008007442        0x2 
 .text.MX_USB_Device_Init
                0x0000000008007444       0x60 ./USB_Device/App/usb_device.o
                0x0000000008007444                MX_USB_Device_Init
 .text.CDC_Init_FS
                0x00000000080074a4       0x28 ./USB_Device/App/usbd_cdc_if.o
 .text.CDC_DeInit_FS
                0x00000000080074cc       0x10 ./USB_Device/App/usbd_cdc_if.o
 .text.CDC_Control_FS
                0x00000000080074dc       0xbc ./USB_Device/App/usbd_cdc_if.o
 .text.CDC_Receive_FS
                0x0000000008007598       0x54 ./USB_Device/App/usbd_cdc_if.o
 .text.CDC_Transmit_FS
                0x00000000080075ec       0x4c ./USB_Device/App/usbd_cdc_if.o
                0x00000000080075ec                CDC_Transmit_FS
 .text.CDC_TransmitCplt_FS
                0x0000000008007638       0x22 ./USB_Device/App/usbd_cdc_if.o
 *fill*         0x000000000800765a        0x2 
 .text.USBD_CDC_DeviceDescriptor
                0x000000000800765c       0x24 ./USB_Device/App/usbd_desc.o
                0x000000000800765c                USBD_CDC_DeviceDescriptor
 .text.USBD_CDC_LangIDStrDescriptor
                0x0000000008007680       0x24 ./USB_Device/App/usbd_desc.o
                0x0000000008007680                USBD_CDC_LangIDStrDescriptor
 .text.USBD_CDC_ProductStrDescriptor
                0x00000000080076a4       0x3c ./USB_Device/App/usbd_desc.o
                0x00000000080076a4                USBD_CDC_ProductStrDescriptor
 .text.USBD_CDC_ManufacturerStrDescriptor
                0x00000000080076e0       0x28 ./USB_Device/App/usbd_desc.o
                0x00000000080076e0                USBD_CDC_ManufacturerStrDescriptor
 .text.USBD_CDC_SerialStrDescriptor
                0x0000000008007708       0x24 ./USB_Device/App/usbd_desc.o
                0x0000000008007708                USBD_CDC_SerialStrDescriptor
 .text.USBD_CDC_ConfigStrDescriptor
                0x000000000800772c       0x3c ./USB_Device/App/usbd_desc.o
                0x000000000800772c                USBD_CDC_ConfigStrDescriptor
 .text.USBD_CDC_InterfaceStrDescriptor
                0x0000000008007768       0x3c ./USB_Device/App/usbd_desc.o
                0x0000000008007768                USBD_CDC_InterfaceStrDescriptor
 .text.Get_SerialNum
                0x00000000080077a4       0x58 ./USB_Device/App/usbd_desc.o
 .text.IntToUnicode
                0x00000000080077fc       0x7e ./USB_Device/App/usbd_desc.o
 *fill*         0x000000000800787a        0x2 
 .text.HAL_PCD_MspInit
                0x000000000800787c       0x78 ./USB_Device/Target/usbd_conf.o
                0x000000000800787c                HAL_PCD_MspInit
 .text.HAL_PCD_SetupStageCallback
                0x00000000080078f4       0x24 ./USB_Device/Target/usbd_conf.o
                0x00000000080078f4                HAL_PCD_SetupStageCallback
 .text.HAL_PCD_DataOutStageCallback
                0x0000000008007918       0x36 ./USB_Device/Target/usbd_conf.o
                0x0000000008007918                HAL_PCD_DataOutStageCallback
 .text.HAL_PCD_DataInStageCallback
                0x000000000800794e       0x34 ./USB_Device/Target/usbd_conf.o
                0x000000000800794e                HAL_PCD_DataInStageCallback
 .text.HAL_PCD_SOFCallback
                0x0000000008007982       0x1c ./USB_Device/Target/usbd_conf.o
                0x0000000008007982                HAL_PCD_SOFCallback
 .text.HAL_PCD_ResetCallback
                0x000000000800799e       0x3c ./USB_Device/Target/usbd_conf.o
                0x000000000800799e                HAL_PCD_ResetCallback
 *fill*         0x00000000080079da        0x2 
 .text.HAL_PCD_SuspendCallback
                0x00000000080079dc       0x34 ./USB_Device/Target/usbd_conf.o
                0x00000000080079dc                HAL_PCD_SuspendCallback
 .text.HAL_PCD_ResumeCallback
                0x0000000008007a10       0x38 ./USB_Device/Target/usbd_conf.o
                0x0000000008007a10                HAL_PCD_ResumeCallback
 .text.USBD_LL_Init
                0x0000000008007a48       0xc0 ./USB_Device/Target/usbd_conf.o
                0x0000000008007a48                USBD_LL_Init
 .text.USBD_LL_Start
                0x0000000008007b08       0x36 ./USB_Device/Target/usbd_conf.o
                0x0000000008007b08                USBD_LL_Start
 .text.USBD_LL_OpenEP
                0x0000000008007b3e       0x4c ./USB_Device/Target/usbd_conf.o
                0x0000000008007b3e                USBD_LL_OpenEP
 .text.USBD_LL_CloseEP
                0x0000000008007b8a       0x3e ./USB_Device/Target/usbd_conf.o
                0x0000000008007b8a                USBD_LL_CloseEP
 .text.USBD_LL_StallEP
                0x0000000008007bc8       0x3e ./USB_Device/Target/usbd_conf.o
                0x0000000008007bc8                USBD_LL_StallEP
 .text.USBD_LL_ClearStallEP
                0x0000000008007c06       0x3e ./USB_Device/Target/usbd_conf.o
                0x0000000008007c06                USBD_LL_ClearStallEP
 .text.USBD_LL_IsStallEP
                0x0000000008007c44       0x58 ./USB_Device/Target/usbd_conf.o
                0x0000000008007c44                USBD_LL_IsStallEP
 .text.USBD_LL_SetUSBAddress
                0x0000000008007c9c       0x3e ./USB_Device/Target/usbd_conf.o
                0x0000000008007c9c                USBD_LL_SetUSBAddress
 .text.USBD_LL_Transmit
                0x0000000008007cda       0x42 ./USB_Device/Target/usbd_conf.o
                0x0000000008007cda                USBD_LL_Transmit
 .text.USBD_LL_PrepareReceive
                0x0000000008007d1c       0x42 ./USB_Device/Target/usbd_conf.o
                0x0000000008007d1c                USBD_LL_PrepareReceive
 .text.USBD_LL_GetRxDataSize
                0x0000000008007d5e       0x26 ./USB_Device/Target/usbd_conf.o
                0x0000000008007d5e                USBD_LL_GetRxDataSize
 .text.HAL_PCDEx_LPM_Callback
                0x0000000008007d84       0x6c ./USB_Device/Target/usbd_conf.o
                0x0000000008007d84                HAL_PCDEx_LPM_Callback
 .text.USBD_static_malloc
                0x0000000008007df0       0x1c ./USB_Device/Target/usbd_conf.o
                0x0000000008007df0                USBD_static_malloc
 .text.USBD_static_free
                0x0000000008007e0c       0x14 ./USB_Device/Target/usbd_conf.o
                0x0000000008007e0c                USBD_static_free
 .text.SystemClockConfig_Resume
                0x0000000008007e20        0xe ./USB_Device/Target/usbd_conf.o
 *fill*         0x0000000008007e2e        0x2 
 .text.USBD_Get_USB_Status
                0x0000000008007e30       0x58 ./USB_Device/Target/usbd_conf.o
 .text.__libc_init_array
                0x0000000008007e88       0x48 d:/stm32cubeide/install/stm32cubeide_1.10.1/stm32cubeide/plugins/com.st.stm32cube.ide.mcu.externaltools.gnu-tools-for-stm32.10.3-2021.10.win32_1.0.0.202111181127/tools/bin/../lib/gcc/arm-none-eabi/10.3.1/../../../../arm-none-eabi/lib/thumb/v7e-m+fp/hard\libc_nano.a(lib_a-init.o)
                0x0000000008007e88                __libc_init_array
 .text.memcpy   0x0000000008007ed0       0x1c d:/stm32cubeide/install/stm32cubeide_1.10.1/stm32cubeide/plugins/com.st.stm32cube.ide.mcu.externaltools.gnu-tools-for-stm32.10.3-2021.10.win32_1.0.0.202111181127/tools/bin/../lib/gcc/arm-none-eabi/10.3.1/../../../../arm-none-eabi/lib/thumb/v7e-m+fp/hard\libc_nano.a(lib_a-memcpy-stub.o)
                0x0000000008007ed0                memcpy
 .text.memset   0x0000000008007eec       0x10 d:/stm32cubeide/install/stm32cubeide_1.10.1/stm32cubeide/plugins/com.st.stm32cube.ide.mcu.externaltools.gnu-tools-for-stm32.10.3-2021.10.win32_1.0.0.202111181127/tools/bin/../lib/gcc/arm-none-eabi/10.3.1/../../../../arm-none-eabi/lib/thumb/v7e-m+fp/hard\libc_nano.a(lib_a-memset.o)
                0x0000000008007eec                memset
 *(.glue_7)
 .glue_7        0x0000000008007efc        0x0 linker stubs
 *(.glue_7t)
 .glue_7t       0x0000000008007efc        0x0 linker stubs
 *(.eh_frame)
 .eh_frame      0x0000000008007efc        0x0 d:/stm32cubeide/install/stm32cubeide_1.10.1/stm32cubeide/plugins/com.st.stm32cube.ide.mcu.externaltools.gnu-tools-for-stm32.10.3-2021.10.win32_1.0.0.202111181127/tools/bin/../lib/gcc/arm-none-eabi/10.3.1/thumb/v7e-m+fp/hard/crtbegin.o
 *(.init)
 .init          0x0000000008007efc        0x4 d:/stm32cubeide/install/stm32cubeide_1.10.1/stm32cubeide/plugins/com.st.stm32cube.ide.mcu.externaltools.gnu-tools-for-stm32.10.3-2021.10.win32_1.0.0.202111181127/tools/bin/../lib/gcc/arm-none-eabi/10.3.1/thumb/v7e-m+fp/hard/crti.o
                0x0000000008007efc                _init
 .init          0x0000000008007f00        0x8 d:/stm32cubeide/install/stm32cubeide_1.10.1/stm32cubeide/plugins/com.st.stm32cube.ide.mcu.externaltools.gnu-tools-for-stm32.10.3-2021.10.win32_1.0.0.202111181127/tools/bin/../lib/gcc/arm-none-eabi/10.3.1/thumb/v7e-m+fp/hard/crtn.o
 *(.fini)
 .fini          0x0000000008007f08        0x4 d:/stm32cubeide/install/stm32cubeide_1.10.1/stm32cubeide/plugins/com.st.stm32cube.ide.mcu.externaltools.gnu-tools-for-stm32.10.3-2021.10.win32_1.0.0.202111181127/tools/bin/../lib/gcc/arm-none-eabi/10.3.1/thumb/v7e-m+fp/hard/crti.o
                0x0000000008007f08                _fini
 .fini          0x0000000008007f0c        0x8 d:/stm32cubeide/install/stm32cubeide_1.10.1/stm32cubeide/plugins/com.st.stm32cube.ide.mcu.externaltools.gnu-tools-for-stm32.10.3-2021.10.win32_1.0.0.202111181127/tools/bin/../lib/gcc/arm-none-eabi/10.3.1/thumb/v7e-m+fp/hard/crtn.o
                0x0000000008007f14                . = ALIGN (0x4)
                0x0000000008007f14                _etext = .

.vfp11_veneer   0x0000000008007f14        0x0
 .vfp11_veneer  0x0000000008007f14        0x0 linker stubs

.v4_bx          0x0000000008007f14        0x0
 .v4_bx         0x0000000008007f14        0x0 linker stubs

.iplt           0x0000000008007f14        0x0
 .iplt          0x0000000008007f14        0x0 d:/stm32cubeide/install/stm32cubeide_1.10.1/stm32cubeide/plugins/com.st.stm32cube.ide.mcu.externaltools.gnu-tools-for-stm32.10.3-2021.10.win32_1.0.0.202111181127/tools/bin/../lib/gcc/arm-none-eabi/10.3.1/thumb/v7e-m+fp/hard/crtbegin.o

.rodata         0x0000000008007f14       0x78
                0x0000000008007f14                . = ALIGN (0x4)
 *(.rodata)
 .rodata        0x0000000008007f14       0x30 ./Core/Src/main.o
 .rodata        0x0000000008007f44       0x46 ./USB_Device/App/usbd_desc.o
 *(.rodata*)
                0x0000000008007f8c                . = ALIGN (0x4)
 *fill*         0x0000000008007f8a        0x2 

.rel.dyn        0x0000000008007f8c        0x0
 .rel.iplt      0x0000000008007f8c        0x0 d:/stm32cubeide/install/stm32cubeide_1.10.1/stm32cubeide/plugins/com.st.stm32cube.ide.mcu.externaltools.gnu-tools-for-stm32.10.3-2021.10.win32_1.0.0.202111181127/tools/bin/../lib/gcc/arm-none-eabi/10.3.1/thumb/v7e-m+fp/hard/crtbegin.o

.ARM.extab      0x0000000008007f8c        0x0
                0x0000000008007f8c                . = ALIGN (0x4)
 *(.ARM.extab* .gnu.linkonce.armextab.*)
                0x0000000008007f8c                . = ALIGN (0x4)

.ARM            0x0000000008007f8c        0x0
                0x0000000008007f8c                . = ALIGN (0x4)
                0x0000000008007f8c                __exidx_start = .
 *(.ARM.exidx*)
                0x0000000008007f8c                __exidx_end = .
                0x0000000008007f8c                . = ALIGN (0x4)

.preinit_array  0x0000000008007f8c        0x0
                0x0000000008007f8c                . = ALIGN (0x4)
                0x0000000008007f8c                PROVIDE (__preinit_array_start = .)
 *(.preinit_array*)
                0x0000000008007f8c                PROVIDE (__preinit_array_end = .)
                0x0000000008007f8c                . = ALIGN (0x4)

.init_array     0x0000000008007f8c        0x4
                0x0000000008007f8c                . = ALIGN (0x4)
                0x0000000008007f8c                PROVIDE (__init_array_start = .)
 *(SORT_BY_NAME(.init_array.*))
 *(.init_array*)
 .init_array    0x0000000008007f8c        0x4 d:/stm32cubeide/install/stm32cubeide_1.10.1/stm32cubeide/plugins/com.st.stm32cube.ide.mcu.externaltools.gnu-tools-for-stm32.10.3-2021.10.win32_1.0.0.202111181127/tools/bin/../lib/gcc/arm-none-eabi/10.3.1/thumb/v7e-m+fp/hard/crtbegin.o
                0x0000000008007f90                PROVIDE (__init_array_end = .)
                0x0000000008007f90                . = ALIGN (0x4)

.fini_array     0x0000000008007f90        0x4
                0x0000000008007f90                . = ALIGN (0x4)
                [!provide]                        PROVIDE (__fini_array_start = .)
 *(SORT_BY_NAME(.fini_array.*))
 *(.fini_array*)
 .fini_array    0x0000000008007f90        0x4 d:/stm32cubeide/install/stm32cubeide_1.10.1/stm32cubeide/plugins/com.st.stm32cube.ide.mcu.externaltools.gnu-tools-for-stm32.10.3-2021.10.win32_1.0.0.202111181127/tools/bin/../lib/gcc/arm-none-eabi/10.3.1/thumb/v7e-m+fp/hard/crtbegin.o
                [!provide]                        PROVIDE (__fini_array_end = .)
                0x0000000008007f94                . = ALIGN (0x4)
                0x0000000008007f94                _sidata = LOADADDR (.data)

.data           0x0000000020000000      0x194 load address 0x0000000008007f94
                0x0000000020000000                . = ALIGN (0x4)
                0x0000000020000000                _sdata = .
 *(.data)
 *(.data*)
 .data.IDs      0x0000000020000000        0x8 ./Core/Src/main.o
                0x0000000020000000                IDs
 .data.buffer   0x0000000020000008        0xe ./Core/Src/main.o
                0x0000000020000008                buffer
 *fill*         0x0000000020000016        0x2 
 .data.uwTickFreq
                0x0000000020000018        0x4 ./Drivers/STM32G4xx_HAL_Driver/Src/stm32g4xx_hal.o
                0x0000000020000018                uwTickFreq
 .data.USBD_CDC_DeviceQualifierDesc
                0x000000002000001c        0xa ./Middlewares/ST/STM32_USB_Device_Library/Class/CDC/Src/usbd_cdc.o
 *fill*         0x0000000020000026        0x2 
 .data.USBD_CDC
                0x0000000020000028       0x38 ./Middlewares/ST/STM32_USB_Device_Library/Class/CDC/Src/usbd_cdc.o
                0x0000000020000028                USBD_CDC
 .data.USBD_CDC_CfgHSDesc
                0x0000000020000060       0x43 ./Middlewares/ST/STM32_USB_Device_Library/Class/CDC/Src/usbd_cdc.o
 *fill*         0x00000000200000a3        0x1 
 .data.USBD_CDC_CfgFSDesc
                0x00000000200000a4       0x43 ./Middlewares/ST/STM32_USB_Device_Library/Class/CDC/Src/usbd_cdc.o
 *fill*         0x00000000200000e7        0x1 
 .data.USBD_CDC_OtherSpeedCfgDesc
                0x00000000200000e8       0x43 ./Middlewares/ST/STM32_USB_Device_Library/Class/CDC/Src/usbd_cdc.o
 *fill*         0x000000002000012b        0x1 
 .data.USBD_Interface_fops_FS
                0x000000002000012c       0x14 ./USB_Device/App/usbd_cdc_if.o
                0x000000002000012c                USBD_Interface_fops_FS
 .data.CDC_Desc
                0x0000000020000140       0x20 ./USB_Device/App/usbd_desc.o
                0x0000000020000140                CDC_Desc
 .data.USBD_CDC_DeviceDesc
                0x0000000020000160       0x12 ./USB_Device/App/usbd_desc.o
                0x0000000020000160                USBD_CDC_DeviceDesc
 *fill*         0x0000000020000172        0x2 
 .data.USBD_LangIDDesc
                0x0000000020000174        0x4 ./USB_Device/App/usbd_desc.o
                0x0000000020000174                USBD_LangIDDesc
 .data.USBD_StringSerial
                0x0000000020000178       0x1a ./USB_Device/App/usbd_desc.o
                0x0000000020000178                USBD_StringSerial
 *(.RamFunc)
 *(.RamFunc*)
                0x0000000020000194                . = ALIGN (0x4)
 *fill*         0x0000000020000192        0x2 
                0x0000000020000194                _edata = .

.igot.plt       0x0000000020000194        0x0 load address 0x0000000008008128
 .igot.plt      0x0000000020000194        0x0 d:/stm32cubeide/install/stm32cubeide_1.10.1/stm32cubeide/plugins/com.st.stm32cube.ide.mcu.externaltools.gnu-tools-for-stm32.10.3-2021.10.win32_1.0.0.202111181127/tools/bin/../lib/gcc/arm-none-eabi/10.3.1/thumb/v7e-m+fp/hard/crtbegin.o
                0x0000000020000194                . = ALIGN (0x4)

.bss            0x0000000020000194     0x11c0 load address 0x0000000008008128
                0x0000000020000194                _sbss = .
                0x0000000020000194                __bss_start__ = _sbss
 *(.bss)
 .bss           0x0000000020000194       0x1c d:/stm32cubeide/install/stm32cubeide_1.10.1/stm32cubeide/plugins/com.st.stm32cube.ide.mcu.externaltools.gnu-tools-for-stm32.10.3-2021.10.win32_1.0.0.202111181127/tools/bin/../lib/gcc/arm-none-eabi/10.3.1/thumb/v7e-m+fp/hard/crtbegin.o
 *(.bss*)
 .bss.uwTick    0x00000000200001b0        0x4 ./Drivers/STM32G4xx_HAL_Driver/Src/stm32g4xx_hal.o
                0x00000000200001b0                uwTick
 .bss.cfgidx.0  0x00000000200001b4        0x1 ./Middlewares/ST/STM32_USB_Device_Library/Core/Src/usbd_ctlreq.o
 *fill*         0x00000000200001b5        0x3 
 .bss.hUsbDeviceFS
                0x00000000200001b8      0x2d0 ./USB_Device/App/usb_device.o
                0x00000000200001b8                hUsbDeviceFS
 .bss.UserRxBufferFS
                0x0000000020000488      0x3e8 ./USB_Device/App/usbd_cdc_if.o
                0x0000000020000488                UserRxBufferFS
 .bss.UserTxBufferFS
                0x0000000020000870      0x3e8 ./USB_Device/App/usbd_cdc_if.o
                0x0000000020000870                UserTxBufferFS
 .bss.USBD_StrDesc
                0x0000000020000c58      0x200 ./USB_Device/App/usbd_desc.o
                0x0000000020000c58                USBD_StrDesc
 .bss.hpcd_USB_FS
                0x0000000020000e58      0x2dc ./USB_Device/Target/usbd_conf.o
                0x0000000020000e58                hpcd_USB_FS
 .bss.mem.0     0x0000000020001134      0x220 ./USB_Device/Target/usbd_conf.o
 *(COMMON)
                0x0000000020001354                . = ALIGN (0x4)
                0x0000000020001354                _ebss = .
                0x0000000020001354                __bss_end__ = _ebss

._user_heap_stack
                0x0000000020001354      0x604 load address 0x0000000008008128
                0x0000000020001358                . = ALIGN (0x8)
 *fill*         0x0000000020001354        0x4 
                [!provide]                        PROVIDE (end = .)
                0x0000000020001358                PROVIDE (_end = .)
                0x0000000020001558                . = (. + _Min_Heap_Size)
 *fill*         0x0000000020001358      0x200 
                0x0000000020001958                . = (. + _Min_Stack_Size)
 *fill*         0x0000000020001558      0x400 
                0x0000000020001958                . = ALIGN (0x8)

/DISCARD/
 libc.a(*)
 libm.a(*)
 libgcc.a(*)

.ARM.attributes
                0x0000000000000000       0x30
 *(.ARM.attributes)
 .ARM.attributes
                0x0000000000000000       0x1e d:/stm32cubeide/install/stm32cubeide_1.10.1/stm32cubeide/plugins/com.st.stm32cube.ide.mcu.externaltools.gnu-tools-for-stm32.10.3-2021.10.win32_1.0.0.202111181127/tools/bin/../lib/gcc/arm-none-eabi/10.3.1/thumb/v7e-m+fp/hard/crti.o
 .ARM.attributes
                0x000000000000001e       0x34 d:/stm32cubeide/install/stm32cubeide_1.10.1/stm32cubeide/plugins/com.st.stm32cube.ide.mcu.externaltools.gnu-tools-for-stm32.10.3-2021.10.win32_1.0.0.202111181127/tools/bin/../lib/gcc/arm-none-eabi/10.3.1/thumb/v7e-m+fp/hard/crtbegin.o
 .ARM.attributes
                0x0000000000000052       0x34 ./Core/Src/main.o
 .ARM.attributes
                0x0000000000000086       0x34 ./Core/Src/stm32g4xx_it.o
 .ARM.attributes
                0x00000000000000ba       0x34 ./Core/Src/system_stm32g4xx.o
 .ARM.attributes
                0x00000000000000ee       0x21 ./Core/Startup/startup_stm32g431cbtx.o
 .ARM.attributes
                0x000000000000010f       0x34 ./Drivers/STM32G4xx_HAL_Driver/Src/stm32g4xx_hal.o
 .ARM.attributes
                0x0000000000000143       0x34 ./Drivers/STM32G4xx_HAL_Driver/Src/stm32g4xx_hal_cortex.o
 .ARM.attributes
                0x0000000000000177       0x34 ./Drivers/STM32G4xx_HAL_Driver/Src/stm32g4xx_hal_pcd.o
 .ARM.attributes
                0x00000000000001ab       0x34 ./Drivers/STM32G4xx_HAL_Driver/Src/stm32g4xx_hal_pcd_ex.o
 .ARM.attributes
                0x00000000000001df       0x34 ./Drivers/STM32G4xx_HAL_Driver/Src/stm32g4xx_hal_rcc_ex.o
 .ARM.attributes
                0x0000000000000213       0x34 ./Drivers/STM32G4xx_HAL_Driver/Src/stm32g4xx_ll_usb.o
 .ARM.attributes
                0x0000000000000247       0x34 ./MCAL/FDCAN/CAN_Program.o
 .ARM.attributes
                0x000000000000027b       0x34 ./MCAL/GPIO/GPIO_Program.o
 .ARM.attributes
                0x00000000000002af       0x34 ./MCAL/RCC/RCC_Program.o
 .ARM.attributes
                0x00000000000002e3       0x34 ./Middlewares/ST/STM32_USB_Device_Library/Class/CDC/Src/usbd_cdc.o
 .ARM.attributes
                0x0000000000000317       0x34 ./Middlewares/ST/STM32_USB_Device_Library/Core/Src/usbd_core.o
 .ARM.attributes
                0x000000000000034b       0x34 ./Middlewares/ST/STM32_USB_Device_Library/Core/Src/usbd_ctlreq.o
 .ARM.attributes
                0x000000000000037f       0x34 ./Middlewares/ST/STM32_USB_Device_Library/Core/Src/usbd_ioreq.o
 .ARM.attributes
                0x00000000000003b3       0x34 ./USB_Device/App/usb_device.o
 .ARM.attributes
                0x00000000000003e7       0x34 ./USB_Device/App/usbd_cdc_if.o
 .ARM.attributes
                0x000000000000041b       0x34 ./USB_Device/App/usbd_desc.o
 .ARM.attributes
                0x000000000000044f       0x34 ./USB_Device/Target/usbd_conf.o
 .ARM.attributes
                0x0000000000000483       0x34 d:/stm32cubeide/install/stm32cubeide_1.10.1/stm32cubeide/plugins/com.st.stm32cube.ide.mcu.externaltools.gnu-tools-for-stm32.10.3-2021.10.win32_1.0.0.202111181127/tools/bin/../lib/gcc/arm-none-eabi/10.3.1/../../../../arm-none-eabi/lib/thumb/v7e-m+fp/hard\libc_nano.a(lib_a-init.o)
 .ARM.attributes
                0x00000000000004b7       0x34 d:/stm32cubeide/install/stm32cubeide_1.10.1/stm32cubeide/plugins/com.st.stm32cube.ide.mcu.externaltools.gnu-tools-for-stm32.10.3-2021.10.win32_1.0.0.202111181127/tools/bin/../lib/gcc/arm-none-eabi/10.3.1/../../../../arm-none-eabi/lib/thumb/v7e-m+fp/hard\libc_nano.a(lib_a-memcpy-stub.o)
 .ARM.attributes
                0x00000000000004eb       0x34 d:/stm32cubeide/install/stm32cubeide_1.10.1/stm32cubeide/plugins/com.st.stm32cube.ide.mcu.externaltools.gnu-tools-for-stm32.10.3-2021.10.win32_1.0.0.202111181127/tools/bin/../lib/gcc/arm-none-eabi/10.3.1/../../../../arm-none-eabi/lib/thumb/v7e-m+fp/hard\libc_nano.a(lib_a-memset.o)
 .ARM.attributes
                0x000000000000051f       0x1e d:/stm32cubeide/install/stm32cubeide_1.10.1/stm32cubeide/plugins/com.st.stm32cube.ide.mcu.externaltools.gnu-tools-for-stm32.10.3-2021.10.win32_1.0.0.202111181127/tools/bin/../lib/gcc/arm-none-eabi/10.3.1/thumb/v7e-m+fp/hard/crtn.o
OUTPUT(USB_TO_CAN.elf elf32-littlearm)
LOAD linker stubs
LOAD d:/stm32cubeide/install/stm32cubeide_1.10.1/stm32cubeide/plugins/com.st.stm32cube.ide.mcu.externaltools.gnu-tools-for-stm32.10.3-2021.10.win32_1.0.0.202111181127/tools/bin/../lib/gcc/arm-none-eabi/10.3.1/../../../../arm-none-eabi/lib/thumb/v7e-m+fp/hard\libc.a
LOAD d:/stm32cubeide/install/stm32cubeide_1.10.1/stm32cubeide/plugins/com.st.stm32cube.ide.mcu.externaltools.gnu-tools-for-stm32.10.3-2021.10.win32_1.0.0.202111181127/tools/bin/../lib/gcc/arm-none-eabi/10.3.1/../../../../arm-none-eabi/lib/thumb/v7e-m+fp/hard\libm.a
LOAD d:/stm32cubeide/install/stm32cubeide_1.10.1/stm32cubeide/plugins/com.st.stm32cube.ide.mcu.externaltools.gnu-tools-for-stm32.10.3-2021.10.win32_1.0.0.202111181127/tools/bin/../lib/gcc/arm-none-eabi/10.3.1/thumb/v7e-m+fp/hard\libgcc.a

.debug_info     0x0000000000000000     0xed9c
 .debug_info    0x0000000000000000      0xd59 ./Core/Src/main.o
 .debug_info    0x0000000000000d59      0x699 ./Core/Src/stm32g4xx_it.o
 .debug_info    0x00000000000013f2      0x59f ./Core/Src/system_stm32g4xx.o
 .debug_info    0x0000000000001991       0x22 ./Core/Startup/startup_stm32g431cbtx.o
 .debug_info    0x00000000000019b3      0xb28 ./Drivers/STM32G4xx_HAL_Driver/Src/stm32g4xx_hal.o
 .debug_info    0x00000000000024db      0xdc4 ./Drivers/STM32G4xx_HAL_Driver/Src/stm32g4xx_hal_cortex.o
 .debug_info    0x000000000000329f     0x175b ./Drivers/STM32G4xx_HAL_Driver/Src/stm32g4xx_hal_pcd.o
 .debug_info    0x00000000000049fa      0x882 ./Drivers/STM32G4xx_HAL_Driver/Src/stm32g4xx_hal_pcd_ex.o
 .debug_info    0x000000000000527c      0xcfe ./Drivers/STM32G4xx_HAL_Driver/Src/stm32g4xx_hal_rcc_ex.o
 .debug_info    0x0000000000005f7a     0x17a7 ./Drivers/STM32G4xx_HAL_Driver/Src/stm32g4xx_ll_usb.o
 .debug_info    0x0000000000007721      0x85a ./MCAL/FDCAN/CAN_Program.o
 .debug_info    0x0000000000007f7b      0x535 ./MCAL/GPIO/GPIO_Program.o
 .debug_info    0x00000000000084b0      0x60e ./MCAL/RCC/RCC_Program.o
 .debug_info    0x0000000000008abe     0x11b4 ./Middlewares/ST/STM32_USB_Device_Library/Class/CDC/Src/usbd_cdc.o
 .debug_info    0x0000000000009c72      0xbcd ./Middlewares/ST/STM32_USB_Device_Library/Core/Src/usbd_core.o
 .debug_info    0x000000000000a83f      0xae0 ./Middlewares/ST/STM32_USB_Device_Library/Core/Src/usbd_ctlreq.o
 .debug_info    0x000000000000b31f      0x78f ./Middlewares/ST/STM32_USB_Device_Library/Core/Src/usbd_ioreq.o
 .debug_info    0x000000000000baae      0x71f ./USB_Device/App/usb_device.o
 .debug_info    0x000000000000c1cd      0x9a4 ./USB_Device/App/usbd_cdc_if.o
 .debug_info    0x000000000000cb71      0x49b ./USB_Device/App/usbd_desc.o
 .debug_info    0x000000000000d00c     0x1d90 ./USB_Device/Target/usbd_conf.o

.debug_abbrev   0x0000000000000000     0x29ca
 .debug_abbrev  0x0000000000000000      0x223 ./Core/Src/main.o
 .debug_abbrev  0x0000000000000223      0x188 ./Core/Src/stm32g4xx_it.o
 .debug_abbrev  0x00000000000003ab      0x116 ./Core/Src/system_stm32g4xx.o
 .debug_abbrev  0x00000000000004c1       0x12 ./Core/Startup/startup_stm32g431cbtx.o
 .debug_abbrev  0x00000000000004d3      0x269 ./Drivers/STM32G4xx_HAL_Driver/Src/stm32g4xx_hal.o
 .debug_abbrev  0x000000000000073c      0x30d ./Drivers/STM32G4xx_HAL_Driver/Src/stm32g4xx_hal_cortex.o
 .debug_abbrev  0x0000000000000a49      0x2ab ./Drivers/STM32G4xx_HAL_Driver/Src/stm32g4xx_hal_pcd.o
 .debug_abbrev  0x0000000000000cf4      0x21d ./Drivers/STM32G4xx_HAL_Driver/Src/stm32g4xx_hal_pcd_ex.o
 .debug_abbrev  0x0000000000000f11      0x247 ./Drivers/STM32G4xx_HAL_Driver/Src/stm32g4xx_hal_rcc_ex.o
 .debug_abbrev  0x0000000000001158      0x236 ./Drivers/STM32G4xx_HAL_Driver/Src/stm32g4xx_ll_usb.o
 .debug_abbrev  0x000000000000138e      0x163 ./MCAL/FDCAN/CAN_Program.o
 .debug_abbrev  0x00000000000014f1      0x190 ./MCAL/GPIO/GPIO_Program.o
 .debug_abbrev  0x0000000000001681       0xe6 ./MCAL/RCC/RCC_Program.o
 .debug_abbrev  0x0000000000001767      0x2a6 ./Middlewares/ST/STM32_USB_Device_Library/Class/CDC/Src/usbd_cdc.o
 .debug_abbrev  0x0000000000001a0d      0x23d ./Middlewares/ST/STM32_USB_Device_Library/Core/Src/usbd_core.o
 .debug_abbrev  0x0000000000001c4a      0x26d ./Middlewares/ST/STM32_USB_Device_Library/Core/Src/usbd_ctlreq.o
 .debug_abbrev  0x0000000000001eb7      0x19b ./Middlewares/ST/STM32_USB_Device_Library/Core/Src/usbd_ioreq.o
 .debug_abbrev  0x0000000000002052      0x19b ./USB_Device/App/usb_device.o
 .debug_abbrev  0x00000000000021ed      0x2b7 ./USB_Device/App/usbd_cdc_if.o
 .debug_abbrev  0x00000000000024a4      0x209 ./USB_Device/App/usbd_desc.o
 .debug_abbrev  0x00000000000026ad      0x31d ./USB_Device/Target/usbd_conf.o

.debug_aranges  0x0000000000000000      0xba0
 .debug_aranges
                0x0000000000000000       0x58 ./Core/Src/main.o
 .debug_aranges
                0x0000000000000058       0x68 ./Core/Src/stm32g4xx_it.o
 .debug_aranges
                0x00000000000000c0       0x28 ./Core/Src/system_stm32g4xx.o
 .debug_aranges
                0x00000000000000e8       0x28 ./Core/Startup/startup_stm32g431cbtx.o
 .debug_aranges
                0x0000000000000110      0x148 ./Drivers/STM32G4xx_HAL_Driver/Src/stm32g4xx_hal.o
 .debug_aranges
                0x0000000000000258      0x118 ./Drivers/STM32G4xx_HAL_Driver/Src/stm32g4xx_hal_cortex.o
 .debug_aranges
                0x0000000000000370      0x138 ./Drivers/STM32G4xx_HAL_Driver/Src/stm32g4xx_hal_pcd.o
 .debug_aranges
                0x00000000000004a8       0x58 ./Drivers/STM32G4xx_HAL_Driver/Src/stm32g4xx_hal_pcd_ex.o
 .debug_aranges
                0x0000000000000500       0xb0 ./Drivers/STM32G4xx_HAL_Driver/Src/stm32g4xx_hal_rcc_ex.o
 .debug_aranges
                0x00000000000005b0       0xc8 ./Drivers/STM32G4xx_HAL_Driver/Src/stm32g4xx_ll_usb.o
 .debug_aranges
                0x0000000000000678       0x50 ./MCAL/FDCAN/CAN_Program.o
 .debug_aranges
                0x00000000000006c8       0x78 ./MCAL/GPIO/GPIO_Program.o
 .debug_aranges
                0x0000000000000740       0x50 ./MCAL/RCC/RCC_Program.o
 .debug_aranges
                0x0000000000000790       0x90 ./Middlewares/ST/STM32_USB_Device_Library/Class/CDC/Src/usbd_cdc.o
 .debug_aranges
                0x0000000000000820       0xb8 ./Middlewares/ST/STM32_USB_Device_Library/Core/Src/usbd_core.o
 .debug_aranges
                0x00000000000008d8       0x90 ./Middlewares/ST/STM32_USB_Device_Library/Core/Src/usbd_ctlreq.o
 .debug_aranges
                0x0000000000000968       0x50 ./Middlewares/ST/STM32_USB_Device_Library/Core/Src/usbd_ioreq.o
 .debug_aranges
                0x00000000000009b8       0x20 ./USB_Device/App/usb_device.o
 .debug_aranges
                0x00000000000009d8       0x48 ./USB_Device/App/usbd_cdc_if.o
 .debug_aranges
                0x0000000000000a20       0x60 ./USB_Device/App/usbd_desc.o
 .debug_aranges
                0x0000000000000a80      0x120 ./USB_Device/Target/usbd_conf.o

.debug_ranges   0x0000000000000000      0xa58
 .debug_ranges  0x0000000000000000       0x48 ./Core/Src/main.o
 .debug_ranges  0x0000000000000048       0x58 ./Core/Src/stm32g4xx_it.o
 .debug_ranges  0x00000000000000a0       0x18 ./Core/Src/system_stm32g4xx.o
 .debug_ranges  0x00000000000000b8       0x20 ./Core/Startup/startup_stm32g431cbtx.o
 .debug_ranges  0x00000000000000d8      0x138 ./Drivers/STM32G4xx_HAL_Driver/Src/stm32g4xx_hal.o
 .debug_ranges  0x0000000000000210      0x108 ./Drivers/STM32G4xx_HAL_Driver/Src/stm32g4xx_hal_cortex.o
 .debug_ranges  0x0000000000000318      0x128 ./Drivers/STM32G4xx_HAL_Driver/Src/stm32g4xx_hal_pcd.o
 .debug_ranges  0x0000000000000440       0x48 ./Drivers/STM32G4xx_HAL_Driver/Src/stm32g4xx_hal_pcd_ex.o
 .debug_ranges  0x0000000000000488       0xa0 ./Drivers/STM32G4xx_HAL_Driver/Src/stm32g4xx_hal_rcc_ex.o
 .debug_ranges  0x0000000000000528       0xb8 ./Drivers/STM32G4xx_HAL_Driver/Src/stm32g4xx_ll_usb.o
 .debug_ranges  0x00000000000005e0       0x40 ./MCAL/FDCAN/CAN_Program.o
 .debug_ranges  0x0000000000000620       0x68 ./MCAL/GPIO/GPIO_Program.o
 .debug_ranges  0x0000000000000688       0x40 ./MCAL/RCC/RCC_Program.o
 .debug_ranges  0x00000000000006c8       0x80 ./Middlewares/ST/STM32_USB_Device_Library/Class/CDC/Src/usbd_cdc.o
 .debug_ranges  0x0000000000000748       0xa8 ./Middlewares/ST/STM32_USB_Device_Library/Core/Src/usbd_core.o
 .debug_ranges  0x00000000000007f0       0x80 ./Middlewares/ST/STM32_USB_Device_Library/Core/Src/usbd_ctlreq.o
 .debug_ranges  0x0000000000000870       0x40 ./Middlewares/ST/STM32_USB_Device_Library/Core/Src/usbd_ioreq.o
 .debug_ranges  0x00000000000008b0       0x10 ./USB_Device/App/usb_device.o
 .debug_ranges  0x00000000000008c0       0x38 ./USB_Device/App/usbd_cdc_if.o
 .debug_ranges  0x00000000000008f8       0x50 ./USB_Device/App/usbd_desc.o
 .debug_ranges  0x0000000000000948      0x110 ./USB_Device/Target/usbd_conf.o

.debug_macro    0x0000000000000000    0x1efb6
 .debug_macro   0x0000000000000000      0x491 ./Core/Src/main.o
 .debug_macro   0x0000000000000491      0xa78 ./Core/Src/main.o
 .debug_macro   0x0000000000000f09      0x155 ./Core/Src/main.o
 .debug_macro   0x000000000000105e       0x2e ./Core/Src/main.o
 .debug_macro   0x000000000000108c       0x28 ./Core/Src/main.o
 .debug_macro   0x00000000000010b4       0x22 ./Core/Src/main.o
 .debug_macro   0x00000000000010d6       0x8e ./Core/Src/main.o
 .debug_macro   0x0000000000001164       0x51 ./Core/Src/main.o
 .debug_macro   0x00000000000011b5      0x103 ./Core/Src/main.o
 .debug_macro   0x00000000000012b8       0x6a ./Core/Src/main.o
 .debug_macro   0x0000000000001322      0x1df ./Core/Src/main.o
 .debug_macro   0x0000000000001501       0x1c ./Core/Src/main.o
 .debug_macro   0x000000000000151d       0x22 ./Core/Src/main.o
 .debug_macro   0x000000000000153f       0xfb ./Core/Src/main.o
 .debug_macro   0x000000000000163a     0x1011 ./Core/Src/main.o
 .debug_macro   0x000000000000264b      0x11f ./Core/Src/main.o
 .debug_macro   0x000000000000276a    0x11350 ./Core/Src/main.o
 .debug_macro   0x0000000000013aba       0x6d ./Core/Src/main.o
 .debug_macro   0x0000000000013b27     0x354d ./Core/Src/main.o
 .debug_macro   0x0000000000017074      0x174 ./Core/Src/main.o
 .debug_macro   0x00000000000171e8       0x5c ./Core/Src/main.o
 .debug_macro   0x0000000000017244     0x141d ./Core/Src/main.o
 .debug_macro   0x0000000000018661      0x535 ./Core/Src/main.o
 .debug_macro   0x0000000000018b96      0x1b6 ./Core/Src/main.o
 .debug_macro   0x0000000000018d4c      0x288 ./Core/Src/main.o
 .debug_macro   0x0000000000018fd4      0x41d ./Core/Src/main.o
 .debug_macro   0x00000000000193f1      0x18b ./Core/Src/main.o
 .debug_macro   0x000000000001957c       0x43 ./Core/Src/main.o
 .debug_macro   0x00000000000195bf      0x23d ./Core/Src/main.o
 .debug_macro   0x00000000000197fc      0x211 ./Core/Src/main.o
 .debug_macro   0x0000000000019a0d      0x401 ./Core/Src/main.o
 .debug_macro   0x0000000000019e0e      0x107 ./Core/Src/main.o
 .debug_macro   0x0000000000019f15       0x73 ./Core/Src/main.o
 .debug_macro   0x0000000000019f88      0x22d ./Core/Src/main.o
 .debug_macro   0x000000000001a1b5      0x122 ./Core/Src/main.o
 .debug_macro   0x000000000001a2d7      0x3d1 ./Core/Src/main.o
 .debug_macro   0x000000000001a6a8      0x306 ./Core/Src/main.o
 .debug_macro   0x000000000001a9ae       0x52 ./Core/Src/main.o
 .debug_macro   0x000000000001aa00       0x1e ./Core/Src/main.o
 .debug_macro   0x000000000001aa1e       0x3c ./Core/Src/main.o
 .debug_macro   0x000000000001aa5a       0x34 ./Core/Src/main.o
 .debug_macro   0x000000000001aa8e       0x16 ./Core/Src/main.o
 .debug_macro   0x000000000001aaa4       0x35 ./Core/Src/main.o
 .debug_macro   0x000000000001aad9      0x341 ./Core/Src/main.o
 .debug_macro   0x000000000001ae1a       0x10 ./Core/Src/main.o
 .debug_macro   0x000000000001ae2a       0x16 ./Core/Src/main.o
 .debug_macro   0x000000000001ae40       0x43 ./Core/Src/main.o
 .debug_macro   0x000000000001ae83       0x34 ./Core/Src/main.o
 .debug_macro   0x000000000001aeb7       0x10 ./Core/Src/main.o
 .debug_macro   0x000000000001aec7       0x58 ./Core/Src/main.o
 .debug_macro   0x000000000001af1f       0x71 ./Core/Src/main.o
 .debug_macro   0x000000000001af90       0x1c ./Core/Src/main.o
 .debug_macro   0x000000000001afac      0x12a ./Core/Src/main.o
 .debug_macro   0x000000000001b0d6       0x10 ./Core/Src/main.o
 .debug_macro   0x000000000001b0e6       0x1c ./Core/Src/main.o
 .debug_macro   0x000000000001b102       0x52 ./Core/Src/main.o
 .debug_macro   0x000000000001b154       0x22 ./Core/Src/main.o
 .debug_macro   0x000000000001b176       0x10 ./Core/Src/main.o
 .debug_macro   0x000000000001b186       0x52 ./Core/Src/main.o
 .debug_macro   0x000000000001b1d8       0xd5 ./Core/Src/main.o
 .debug_macro   0x000000000001b2ad       0x1c ./Core/Src/main.o
 .debug_macro   0x000000000001b2c9       0x3d ./Core/Src/main.o
 .debug_macro   0x000000000001b306       0x16 ./Core/Src/main.o
 .debug_macro   0x000000000001b31c      0x145 ./Core/Src/main.o
 .debug_macro   0x000000000001b461       0x16 ./Core/Src/main.o
 .debug_macro   0x000000000001b477       0x16 ./Core/Src/main.o
 .debug_macro   0x000000000001b48d       0x29 ./Core/Src/main.o
 .debug_macro   0x000000000001b4b6       0x16 ./Core/Src/main.o
 .debug_macro   0x000000000001b4cc       0x20 ./Core/Src/main.o
 .debug_macro   0x000000000001b4ec       0x5f ./Core/Src/main.o
 .debug_macro   0x000000000001b54b      0x1ef ./Core/Src/main.o
 .debug_macro   0x000000000001b73a       0x95 ./Core/Src/main.o
 .debug_macro   0x000000000001b7cf       0x10 ./Core/Src/main.o
 .debug_macro   0x000000000001b7df       0x3a ./Core/Src/main.o
 .debug_macro   0x000000000001b819       0x10 ./Core/Src/main.o
 .debug_macro   0x000000000001b829      0x14a ./Core/Src/main.o
 .debug_macro   0x000000000001b973       0x16 ./Core/Src/main.o
 .debug_macro   0x000000000001b989       0x34 ./Core/Src/main.o
 .debug_macro   0x000000000001b9bd       0x5e ./Core/Src/main.o
 .debug_macro   0x000000000001ba1b      0x148 ./Core/Src/main.o
 .debug_macro   0x000000000001bb63       0x52 ./Core/Src/main.o
 .debug_macro   0x000000000001bbb5       0x94 ./Core/Src/main.o
 .debug_macro   0x000000000001bc49       0x6a ./Core/Src/main.o
 .debug_macro   0x000000000001bcb3      0x1de ./Core/Src/stm32g4xx_it.o
 .debug_macro   0x000000000001be91      0x1ca ./Core/Src/system_stm32g4xx.o
 .debug_macro   0x000000000001c05b      0x218 ./Drivers/STM32G4xx_HAL_Driver/Src/stm32g4xx_hal.o
 .debug_macro   0x000000000001c273      0x1ca ./Drivers/STM32G4xx_HAL_Driver/Src/stm32g4xx_hal_cortex.o
 .debug_macro   0x000000000001c43d      0x1d6 ./Drivers/STM32G4xx_HAL_Driver/Src/stm32g4xx_hal_pcd.o
 .debug_macro   0x000000000001c613      0x1ca ./Drivers/STM32G4xx_HAL_Driver/Src/stm32g4xx_hal_pcd_ex.o
 .debug_macro   0x000000000001c7dd      0x1f4 ./Drivers/STM32G4xx_HAL_Driver/Src/stm32g4xx_hal_rcc_ex.o
 .debug_macro   0x000000000001c9d1      0x1ca ./Drivers/STM32G4xx_HAL_Driver/Src/stm32g4xx_ll_usb.o
 .debug_macro   0x000000000001cb9b       0x3b ./MCAL/FDCAN/CAN_Program.o
 .debug_macro   0x000000000001cbd6       0x45 ./MCAL/GPIO/GPIO_Program.o
 .debug_macro   0x000000000001cc1b       0x44 ./MCAL/RCC/RCC_Program.o
 .debug_macro   0x000000000001cc5f      0x3e0 ./Middlewares/ST/STM32_USB_Device_Library/Class/CDC/Src/usbd_cdc.o
 .debug_macro   0x000000000001d03f       0x97 ./Middlewares/ST/STM32_USB_Device_Library/Class/CDC/Src/usbd_cdc.o
 .debug_macro   0x000000000001d0d6       0xfd ./Middlewares/ST/STM32_USB_Device_Library/Class/CDC/Src/usbd_cdc.o
 .debug_macro   0x000000000001d1d3       0x56 ./Middlewares/ST/STM32_USB_Device_Library/Class/CDC/Src/usbd_cdc.o
 .debug_macro   0x000000000001d229      0x3c7 ./Middlewares/ST/STM32_USB_Device_Library/Core/Src/usbd_core.o
 .debug_macro   0x000000000001d5f0      0x1f5 ./Middlewares/ST/STM32_USB_Device_Library/Core/Src/usbd_core.o
 .debug_macro   0x000000000001d7e5      0x3d1 ./Middlewares/ST/STM32_USB_Device_Library/Core/Src/usbd_ctlreq.o
 .debug_macro   0x000000000001dbb6      0x3cd ./Middlewares/ST/STM32_USB_Device_Library/Core/Src/usbd_ioreq.o
 .debug_macro   0x000000000001df83      0x406 ./USB_Device/App/usb_device.o
 .debug_macro   0x000000000001e389       0x22 ./USB_Device/App/usb_device.o
 .debug_macro   0x000000000001e3ab       0x16 ./USB_Device/App/usb_device.o
 .debug_macro   0x000000000001e3c1      0x3eb ./USB_Device/App/usbd_cdc_if.o
 .debug_macro   0x000000000001e7ac      0x404 ./USB_Device/App/usbd_desc.o
 .debug_macro   0x000000000001ebb0       0x1c ./USB_Device/App/usbd_desc.o
 .debug_macro   0x000000000001ebcc      0x3ea ./USB_Device/Target/usbd_conf.o

.debug_line     0x0000000000000000     0xeefc
 .debug_line    0x0000000000000000      0xf6f ./Core/Src/main.o
 .debug_line    0x0000000000000f6f      0x80c ./Core/Src/stm32g4xx_it.o
 .debug_line    0x000000000000177b      0x79b ./Core/Src/system_stm32g4xx.o
 .debug_line    0x0000000000001f16       0x89 ./Core/Startup/startup_stm32g431cbtx.o
 .debug_line    0x0000000000001f9f      0xb5a ./Drivers/STM32G4xx_HAL_Driver/Src/stm32g4xx_hal.o
 .debug_line    0x0000000000002af9      0xcc5 ./Drivers/STM32G4xx_HAL_Driver/Src/stm32g4xx_hal_cortex.o
 .debug_line    0x00000000000037be     0x1367 ./Drivers/STM32G4xx_HAL_Driver/Src/stm32g4xx_hal_pcd.o
 .debug_line    0x0000000000004b25      0x89a ./Drivers/STM32G4xx_HAL_Driver/Src/stm32g4xx_hal_pcd_ex.o
 .debug_line    0x00000000000053bf     0x10eb ./Drivers/STM32G4xx_HAL_Driver/Src/stm32g4xx_hal_rcc_ex.o
 .debug_line    0x00000000000064aa      0xffa ./Drivers/STM32G4xx_HAL_Driver/Src/stm32g4xx_ll_usb.o
 .debug_line    0x00000000000074a4      0x4c1 ./MCAL/FDCAN/CAN_Program.o
 .debug_line    0x0000000000007965      0x495 ./MCAL/GPIO/GPIO_Program.o
 .debug_line    0x0000000000007dfa      0x258 ./MCAL/RCC/RCC_Program.o
 .debug_line    0x0000000000008052      0xeca ./Middlewares/ST/STM32_USB_Device_Library/Class/CDC/Src/usbd_cdc.o
 .debug_line    0x0000000000008f1c      0xf4d ./Middlewares/ST/STM32_USB_Device_Library/Core/Src/usbd_core.o
 .debug_line    0x0000000000009e69     0x11ed ./Middlewares/ST/STM32_USB_Device_Library/Core/Src/usbd_ctlreq.o
 .debug_line    0x000000000000b056      0xba4 ./Middlewares/ST/STM32_USB_Device_Library/Core/Src/usbd_ioreq.o
 .debug_line    0x000000000000bbfa      0xb60 ./USB_Device/App/usb_device.o
 .debug_line    0x000000000000c75a      0xbce ./USB_Device/App/usbd_cdc_if.o
 .debug_line    0x000000000000d328      0xc29 ./USB_Device/App/usbd_desc.o
 .debug_line    0x000000000000df51      0xfab ./USB_Device/Target/usbd_conf.o

.debug_str      0x0000000000000000    0xb60f0
 .debug_str     0x0000000000000000    0xb2bbf ./Core/Src/main.o
                                      0xb2f02 (size before relaxing)
 .debug_str     0x00000000000b2bbf      0x466 ./Core/Src/stm32g4xx_it.o
                                      0xacd64 (size before relaxing)
 .debug_str     0x00000000000b3025       0xe7 ./Core/Src/system_stm32g4xx.o
                                      0xacaf7 (size before relaxing)
 .debug_str     0x00000000000b310c       0x36 ./Core/Startup/startup_stm32g431cbtx.o
                                         0x7d (size before relaxing)
 .debug_str     0x00000000000b3142      0xa9e ./Drivers/STM32G4xx_HAL_Driver/Src/stm32g4xx_hal.o
                                      0xad636 (size before relaxing)
 .debug_str     0x00000000000b3be0      0x361 ./Drivers/STM32G4xx_HAL_Driver/Src/stm32g4xx_hal_cortex.o
                                      0xad2ba (size before relaxing)
 .debug_str     0x00000000000b3f41      0x577 ./Drivers/STM32G4xx_HAL_Driver/Src/stm32g4xx_hal_pcd.o
                                      0xad273 (size before relaxing)
 .debug_str     0x00000000000b44b8      0x186 ./Drivers/STM32G4xx_HAL_Driver/Src/stm32g4xx_hal_pcd_ex.o
                                      0xaceaf (size before relaxing)
 .debug_str     0x00000000000b463e      0x73f ./Drivers/STM32G4xx_HAL_Driver/Src/stm32g4xx_hal_rcc_ex.o
                                      0xad1f1 (size before relaxing)
 .debug_str     0x00000000000b4d7d       0xd3 ./Drivers/STM32G4xx_HAL_Driver/Src/stm32g4xx_ll_usb.o
                                      0xacdb0 (size before relaxing)
 .debug_str     0x00000000000b4e50      0x139 ./MCAL/FDCAN/CAN_Program.o
                                       0x3765 (size before relaxing)
 .debug_str     0x00000000000b4f89      0x1c2 ./MCAL/GPIO/GPIO_Program.o
                                       0x3638 (size before relaxing)
 .debug_str     0x00000000000b514b       0xcb ./MCAL/RCC/RCC_Program.o
                                       0x388f (size before relaxing)
 .debug_str     0x00000000000b5216      0x684 ./Middlewares/ST/STM32_USB_Device_Library/Class/CDC/Src/usbd_cdc.o
                                      0xb1f89 (size before relaxing)
 .debug_str     0x00000000000b589a      0x288 ./Middlewares/ST/STM32_USB_Device_Library/Core/Src/usbd_core.o
                                      0xb1865 (size before relaxing)
 .debug_str     0x00000000000b5b22      0x147 ./Middlewares/ST/STM32_USB_Device_Library/Core/Src/usbd_ctlreq.o
                                      0xb17b7 (size before relaxing)
 .debug_str     0x00000000000b5c69       0x51 ./Middlewares/ST/STM32_USB_Device_Library/Core/Src/usbd_ioreq.o
                                      0xb16ac (size before relaxing)
 .debug_str     0x00000000000b5cba       0xc7 ./USB_Device/App/usb_device.o
                                      0xb1a60 (size before relaxing)
 .debug_str     0x00000000000b5d81       0x8a ./USB_Device/App/usbd_cdc_if.o
                                      0xb1abb (size before relaxing)
 .debug_str     0x00000000000b5e0b      0x254 ./USB_Device/App/usbd_desc.o
                                      0xb15b6 (size before relaxing)
 .debug_str     0x00000000000b605f       0x91 ./USB_Device/Target/usbd_conf.o
                                      0xb290c (size before relaxing)

.comment        0x0000000000000000       0x50
 .comment       0x0000000000000000       0x50 ./Core/Src/main.o
                                         0x51 (size before relaxing)
 .comment       0x0000000000000050       0x51 ./Core/Src/stm32g4xx_it.o
 .comment       0x0000000000000050       0x51 ./Core/Src/system_stm32g4xx.o
 .comment       0x0000000000000050       0x51 ./Drivers/STM32G4xx_HAL_Driver/Src/stm32g4xx_hal.o
 .comment       0x0000000000000050       0x51 ./Drivers/STM32G4xx_HAL_Driver/Src/stm32g4xx_hal_cortex.o
 .comment       0x0000000000000050       0x51 ./Drivers/STM32G4xx_HAL_Driver/Src/stm32g4xx_hal_pcd.o
 .comment       0x0000000000000050       0x51 ./Drivers/STM32G4xx_HAL_Driver/Src/stm32g4xx_hal_pcd_ex.o
 .comment       0x0000000000000050       0x51 ./Drivers/STM32G4xx_HAL_Driver/Src/stm32g4xx_hal_rcc_ex.o
 .comment       0x0000000000000050       0x51 ./Drivers/STM32G4xx_HAL_Driver/Src/stm32g4xx_ll_usb.o
 .comment       0x0000000000000050       0x51 ./MCAL/FDCAN/CAN_Program.o
 .comment       0x0000000000000050       0x51 ./MCAL/GPIO/GPIO_Program.o
 .comment       0x0000000000000050       0x51 ./MCAL/RCC/RCC_Program.o
 .comment       0x0000000000000050       0x51 ./Middlewares/ST/STM32_USB_Device_Library/Class/CDC/Src/usbd_cdc.o
 .comment       0x0000000000000050       0x51 ./Middlewares/ST/STM32_USB_Device_Library/Core/Src/usbd_core.o
 .comment       0x0000000000000050       0x51 ./Middlewares/ST/STM32_USB_Device_Library/Core/Src/usbd_ctlreq.o
 .comment       0x0000000000000050       0x51 ./Middlewares/ST/STM32_USB_Device_Library/Core/Src/usbd_ioreq.o
 .comment       0x0000000000000050       0x51 ./USB_Device/App/usb_device.o
 .comment       0x0000000000000050       0x51 ./USB_Device/App/usbd_cdc_if.o
 .comment       0x0000000000000050       0x51 ./USB_Device/App/usbd_desc.o
 .comment       0x0000000000000050       0x51 ./USB_Device/Target/usbd_conf.o

.debug_frame    0x0000000000000000     0x2d78
 .debug_frame   0x0000000000000000      0x124 ./Core/Src/main.o
 .debug_frame   0x0000000000000124      0x120 ./Core/Src/stm32g4xx_it.o
 .debug_frame   0x0000000000000244       0x58 ./Core/Src/system_stm32g4xx.o
 .debug_frame   0x000000000000029c      0x500 ./Drivers/STM32G4xx_HAL_Driver/Src/stm32g4xx_hal.o
 .debug_frame   0x000000000000079c      0x498 ./Drivers/STM32G4xx_HAL_Driver/Src/stm32g4xx_hal_cortex.o
 .debug_frame   0x0000000000000c34      0x56c ./Drivers/STM32G4xx_HAL_Driver/Src/stm32g4xx_hal_pcd.o
 .debug_frame   0x00000000000011a0      0x14c ./Drivers/STM32G4xx_HAL_Driver/Src/stm32g4xx_hal_pcd_ex.o
 .debug_frame   0x00000000000012ec      0x2ac ./Drivers/STM32G4xx_HAL_Driver/Src/stm32g4xx_hal_rcc_ex.o
 .debug_frame   0x0000000000001598      0x380 ./Drivers/STM32G4xx_HAL_Driver/Src/stm32g4xx_ll_usb.o
 .debug_frame   0x0000000000001918      0x12c ./MCAL/FDCAN/CAN_Program.o
 .debug_frame   0x0000000000001a44      0x1ec ./MCAL/GPIO/GPIO_Program.o
 .debug_frame   0x0000000000001c30      0x120 ./MCAL/RCC/RCC_Program.o
 .debug_frame   0x0000000000001d50      0x248 ./Middlewares/ST/STM32_USB_Device_Library/Class/CDC/Src/usbd_cdc.o
 .debug_frame   0x0000000000001f98      0x2f4 ./Middlewares/ST/STM32_USB_Device_Library/Core/Src/usbd_core.o
 .debug_frame   0x000000000000228c      0x23c ./Middlewares/ST/STM32_USB_Device_Library/Core/Src/usbd_ctlreq.o
 .debug_frame   0x00000000000024c8      0x10c ./Middlewares/ST/STM32_USB_Device_Library/Core/Src/usbd_ioreq.o
 .debug_frame   0x00000000000025d4       0x2c ./USB_Device/App/usb_device.o
 .debug_frame   0x0000000000002600       0xe4 ./USB_Device/App/usbd_cdc_if.o
 .debug_frame   0x00000000000026e4      0x160 ./USB_Device/App/usbd_desc.o
 .debug_frame   0x0000000000002844      0x4c0 ./USB_Device/Target/usbd_conf.o
 .debug_frame   0x0000000000002d04       0x2c d:/stm32cubeide/install/stm32cubeide_1.10.1/stm32cubeide/plugins/com.st.stm32cube.ide.mcu.externaltools.gnu-tools-for-stm32.10.3-2021.10.win32_1.0.0.202111181127/tools/bin/../lib/gcc/arm-none-eabi/10.3.1/../../../../arm-none-eabi/lib/thumb/v7e-m+fp/hard\libc_nano.a(lib_a-init.o)
 .debug_frame   0x0000000000002d30       0x28 d:/stm32cubeide/install/stm32cubeide_1.10.1/stm32cubeide/plugins/com.st.stm32cube.ide.mcu.externaltools.gnu-tools-for-stm32.10.3-2021.10.win32_1.0.0.202111181127/tools/bin/../lib/gcc/arm-none-eabi/10.3.1/../../../../arm-none-eabi/lib/thumb/v7e-m+fp/hard\libc_nano.a(lib_a-memcpy-stub.o)
 .debug_frame   0x0000000000002d58       0x20 d:/stm32cubeide/install/stm32cubeide_1.10.1/stm32cubeide/plugins/com.st.stm32cube.ide.mcu.externaltools.gnu-tools-for-stm32.10.3-2021.10.win32_1.0.0.202111181127/tools/bin/../lib/gcc/arm-none-eabi/10.3.1/../../../../arm-none-eabi/lib/thumb/v7e-m+fp/hard\libc_nano.a(lib_a-memset.o)
