Archive member included to satisfy reference by file (symbol)

d:/stm32cubeide/install/stm32cubeide_1.10.1/stm32cubeide/plugins/com.st.stm32cube.ide.mcu.externaltools.gnu-tools-for-stm32.10.3-2021.10.win32_1.0.0.202111181127/tools/bin/../lib/gcc/arm-none-eabi/10.3.1/../../../../arm-none-eabi/lib/thumb/v7e-m+fp/hard\libc_nano.a(lib_a-exit.o)
                              d:/stm32cubeide/install/stm32cubeide_1.10.1/stm32cubeide/plugins/com.st.stm32cube.ide.mcu.externaltools.gnu-tools-for-stm32.10.3-2021.10.win32_1.0.0.202111181127/tools/bin/../lib/gcc/arm-none-eabi/10.3.1/../../../../arm-none-eabi/lib/thumb/v7e-m+fp/hard/crt0.o (exit)
d:/stm32cubeide/install/stm32cubeide_1.10.1/stm32cubeide/plugins/com.st.stm32cube.ide.mcu.externaltools.gnu-tools-for-stm32.10.3-2021.10.win32_1.0.0.202111181127/tools/bin/../lib/gcc/arm-none-eabi/10.3.1/../../../../arm-none-eabi/lib/thumb/v7e-m+fp/hard\libc_nano.a(lib_a-impure.o)
                              d:/stm32cubeide/install/stm32cubeide_1.10.1/stm32cubeide/plugins/com.st.stm32cube.ide.mcu.externaltools.gnu-tools-for-stm32.10.3-2021.10.win32_1.0.0.202111181127/tools/bin/../lib/gcc/arm-none-eabi/10.3.1/../../../../arm-none-eabi/lib/thumb/v7e-m+fp/hard\libc_nano.a(lib_a-exit.o) (_global_impure_ptr)
d:/stm32cubeide/install/stm32cubeide_1.10.1/stm32cubeide/plugins/com.st.stm32cube.ide.mcu.externaltools.gnu-tools-for-stm32.10.3-2021.10.win32_1.0.0.202111181127/tools/bin/../lib/gcc/arm-none-eabi/10.3.1/../../../../arm-none-eabi/lib/thumb/v7e-m+fp/hard\libc_nano.a(lib_a-init.o)
                              d:/stm32cubeide/install/stm32cubeide_1.10.1/stm32cubeide/plugins/com.st.stm32cube.ide.mcu.externaltools.gnu-tools-for-stm32.10.3-2021.10.win32_1.0.0.202111181127/tools/bin/../lib/gcc/arm-none-eabi/10.3.1/../../../../arm-none-eabi/lib/thumb/v7e-m+fp/hard/crt0.o (__libc_init_array)
d:/stm32cubeide/install/stm32cubeide_1.10.1/stm32cubeide/plugins/com.st.stm32cube.ide.mcu.externaltools.gnu-tools-for-stm32.10.3-2021.10.win32_1.0.0.202111181127/tools/bin/../lib/gcc/arm-none-eabi/10.3.1/../../../../arm-none-eabi/lib/thumb/v7e-m+fp/hard\libc_nano.a(lib_a-memset.o)
                              d:/stm32cubeide/install/stm32cubeide_1.10.1/stm32cubeide/plugins/com.st.stm32cube.ide.mcu.externaltools.gnu-tools-for-stm32.10.3-2021.10.win32_1.0.0.202111181127/tools/bin/../lib/gcc/arm-none-eabi/10.3.1/../../../../arm-none-eabi/lib/thumb/v7e-m+fp/hard/crt0.o (memset)
d:/stm32cubeide/install/stm32cubeide_1.10.1/stm32cubeide/plugins/com.st.stm32cube.ide.mcu.externaltools.gnu-tools-for-stm32.10.3-2021.10.win32_1.0.0.202111181127/tools/bin/../lib/gcc/arm-none-eabi/10.3.1/../../../../arm-none-eabi/lib/thumb/v7e-m+fp/hard\libnosys.a(_exit.o)
                              d:/stm32cubeide/install/stm32cubeide_1.10.1/stm32cubeide/plugins/com.st.stm32cube.ide.mcu.externaltools.gnu-tools-for-stm32.10.3-2021.10.win32_1.0.0.202111181127/tools/bin/../lib/gcc/arm-none-eabi/10.3.1/../../../../arm-none-eabi/lib/thumb/v7e-m+fp/hard\libc_nano.a(lib_a-exit.o) (_exit)

Discarded input sections

 .text          0x0000000000000000        0x0 d:/stm32cubeide/install/stm32cubeide_1.10.1/stm32cubeide/plugins/com.st.stm32cube.ide.mcu.externaltools.gnu-tools-for-stm32.10.3-2021.10.win32_1.0.0.202111181127/tools/bin/../lib/gcc/arm-none-eabi/10.3.1/thumb/v7e-m+fp/hard/crti.o
 .data          0x0000000000000000        0x0 d:/stm32cubeide/install/stm32cubeide_1.10.1/stm32cubeide/plugins/com.st.stm32cube.ide.mcu.externaltools.gnu-tools-for-stm32.10.3-2021.10.win32_1.0.0.202111181127/tools/bin/../lib/gcc/arm-none-eabi/10.3.1/thumb/v7e-m+fp/hard/crti.o
 .bss           0x0000000000000000        0x0 d:/stm32cubeide/install/stm32cubeide_1.10.1/stm32cubeide/plugins/com.st.stm32cube.ide.mcu.externaltools.gnu-tools-for-stm32.10.3-2021.10.win32_1.0.0.202111181127/tools/bin/../lib/gcc/arm-none-eabi/10.3.1/thumb/v7e-m+fp/hard/crti.o
 .data          0x0000000000000000        0x4 d:/stm32cubeide/install/stm32cubeide_1.10.1/stm32cubeide/plugins/com.st.stm32cube.ide.mcu.externaltools.gnu-tools-for-stm32.10.3-2021.10.win32_1.0.0.202111181127/tools/bin/../lib/gcc/arm-none-eabi/10.3.1/thumb/v7e-m+fp/hard/crtbegin.o
 .rodata        0x0000000000000000       0x24 d:/stm32cubeide/install/stm32cubeide_1.10.1/stm32cubeide/plugins/com.st.stm32cube.ide.mcu.externaltools.gnu-tools-for-stm32.10.3-2021.10.win32_1.0.0.202111181127/tools/bin/../lib/gcc/arm-none-eabi/10.3.1/thumb/v7e-m+fp/hard/crtbegin.o
 .text          0x0000000000000000       0x7c d:/stm32cubeide/install/stm32cubeide_1.10.1/stm32cubeide/plugins/com.st.stm32cube.ide.mcu.externaltools.gnu-tools-for-stm32.10.3-2021.10.win32_1.0.0.202111181127/tools/bin/../lib/gcc/arm-none-eabi/10.3.1/../../../../arm-none-eabi/lib/thumb/v7e-m+fp/hard/crt0.o
 .data          0x0000000000000000        0x0 d:/stm32cubeide/install/stm32cubeide_1.10.1/stm32cubeide/plugins/com.st.stm32cube.ide.mcu.externaltools.gnu-tools-for-stm32.10.3-2021.10.win32_1.0.0.202111181127/tools/bin/../lib/gcc/arm-none-eabi/10.3.1/../../../../arm-none-eabi/lib/thumb/v7e-m+fp/hard/crt0.o
 .bss           0x0000000000000000        0x0 d:/stm32cubeide/install/stm32cubeide_1.10.1/stm32cubeide/plugins/com.st.stm32cube.ide.mcu.externaltools.gnu-tools-for-stm32.10.3-2021.10.win32_1.0.0.202111181127/tools/bin/../lib/gcc/arm-none-eabi/10.3.1/../../../../arm-none-eabi/lib/thumb/v7e-m+fp/hard/crt0.o
 .ARM.extab     0x0000000000000000        0x0 d:/stm32cubeide/install/stm32cubeide_1.10.1/stm32cubeide/plugins/com.st.stm32cube.ide.mcu.externaltools.gnu-tools-for-stm32.10.3-2021.10.win32_1.0.0.202111181127/tools/bin/../lib/gcc/arm-none-eabi/10.3.1/../../../../arm-none-eabi/lib/thumb/v7e-m+fp/hard/crt0.o
 .ARM.exidx     0x0000000000000000       0x10 d:/stm32cubeide/install/stm32cubeide_1.10.1/stm32cubeide/plugins/com.st.stm32cube.ide.mcu.externaltools.gnu-tools-for-stm32.10.3-2021.10.win32_1.0.0.202111181127/tools/bin/../lib/gcc/arm-none-eabi/10.3.1/../../../../arm-none-eabi/lib/thumb/v7e-m+fp/hard/crt0.o
 .ARM.attributes
                0x0000000000000000       0x1c d:/stm32cubeide/install/stm32cubeide_1.10.1/stm32cubeide/plugins/com.st.stm32cube.ide.mcu.externaltools.gnu-tools-for-stm32.10.3-2021.10.win32_1.0.0.202111181127/tools/bin/../lib/gcc/arm-none-eabi/10.3.1/../../../../arm-none-eabi/lib/thumb/v7e-m+fp/hard/crt0.o
 .group         0x0000000000000000        0xc ./MCAL/FDCAN/CAN_Program.o
 .group         0x0000000000000000        0xc ./MCAL/FDCAN/CAN_Program.o
 .group         0x0000000000000000        0xc ./MCAL/FDCAN/CAN_Program.o
 .group         0x0000000000000000        0xc ./MCAL/FDCAN/CAN_Program.o
 .group         0x0000000000000000        0xc ./MCAL/FDCAN/CAN_Program.o
 .text          0x0000000000000000        0x0 ./MCAL/FDCAN/CAN_Program.o
 .data          0x0000000000000000        0x0 ./MCAL/FDCAN/CAN_Program.o
 .bss           0x0000000000000000        0x0 ./MCAL/FDCAN/CAN_Program.o
 .text.CAN_u8IsRxBufferFull
                0x0000000000000000       0x42 ./MCAL/FDCAN/CAN_Program.o
 .text.CAN_voidSendDataFrame
                0x0000000000000000      0x178 ./MCAL/FDCAN/CAN_Program.o
 .text.CAN_u8GetPendingMessagesCount
                0x0000000000000000       0x22 ./MCAL/FDCAN/CAN_Program.o
 .text.CAN_u8IsTxBufferFull
                0x0000000000000000       0x24 ./MCAL/FDCAN/CAN_Program.o
 .group         0x0000000000000000        0xc ./MCAL/GPIO/GPIO_Program.o
 .group         0x0000000000000000        0xc ./MCAL/GPIO/GPIO_Program.o
 .group         0x0000000000000000        0xc ./MCAL/GPIO/GPIO_Program.o
 .group         0x0000000000000000        0xc ./MCAL/GPIO/GPIO_Program.o
 .group         0x0000000000000000        0xc ./MCAL/GPIO/GPIO_Program.o
 .text          0x0000000000000000        0x0 ./MCAL/GPIO/GPIO_Program.o
 .data          0x0000000000000000        0x0 ./MCAL/GPIO/GPIO_Program.o
 .bss           0x0000000000000000        0x0 ./MCAL/GPIO/GPIO_Program.o
 .text.GPIO_u8GetPinData
                0x0000000000000000       0xa4 ./MCAL/GPIO/GPIO_Program.o
 .text.GPIO_voidSetPortValue
                0x0000000000000000       0x94 ./MCAL/GPIO/GPIO_Program.o
 .text.GPIO_u16GetPortData
                0x0000000000000000       0x94 ./MCAL/GPIO/GPIO_Program.o
 .text.GPIO_voidTogglePort
                0x0000000000000000       0x9c ./MCAL/GPIO/GPIO_Program.o
 .text.GPIO_voidInitPort
                0x0000000000000000       0x66 ./MCAL/GPIO/GPIO_Program.o
 .debug_macro   0x0000000000000000      0xa7e ./MCAL/GPIO/GPIO_Program.o
 .debug_macro   0x0000000000000000       0x10 ./MCAL/GPIO/GPIO_Program.o
 .group         0x0000000000000000        0xc ./MCAL/RCC/RCC_Program.o
 .group         0x0000000000000000        0xc ./MCAL/RCC/RCC_Program.o
 .group         0x0000000000000000        0xc ./MCAL/RCC/RCC_Program.o
 .group         0x0000000000000000        0xc ./MCAL/RCC/RCC_Program.o
 .group         0x0000000000000000        0xc ./MCAL/RCC/RCC_Program.o
 .group         0x0000000000000000        0xc ./MCAL/RCC/RCC_Program.o
 .text          0x0000000000000000        0x0 ./MCAL/RCC/RCC_Program.o
 .data          0x0000000000000000        0x0 ./MCAL/RCC/RCC_Program.o
 .bss           0x0000000000000000        0x0 ./MCAL/RCC/RCC_Program.o
 .text.RCC_voidPeripheralClockDisable
                0x0000000000000000       0xd4 ./MCAL/RCC/RCC_Program.o
 .text.RCC_voidSSMPeripheralClockEnable
                0x0000000000000000       0xcc ./MCAL/RCC/RCC_Program.o
 .text.RCC_voidSSMPeripheralClockDisable
                0x0000000000000000       0xd8 ./MCAL/RCC/RCC_Program.o
 .text.RCC_voidPeripheralReset
                0x0000000000000000       0xc8 ./MCAL/RCC/RCC_Program.o
 .text.RCC_voidPeripheralClockCfg
                0x0000000000000000      0x1f8 ./MCAL/RCC/RCC_Program.o
 .debug_macro   0x0000000000000000      0xa7e ./MCAL/RCC/RCC_Program.o
 .debug_macro   0x0000000000000000       0x3a ./MCAL/RCC/RCC_Program.o
 .debug_macro   0x0000000000000000       0x10 ./MCAL/RCC/RCC_Program.o
 .group         0x0000000000000000        0xc ./Src/mainRx.o
 .group         0x0000000000000000        0xc ./Src/mainRx.o
 .group         0x0000000000000000        0xc ./Src/mainRx.o
 .group         0x0000000000000000        0xc ./Src/mainRx.o
 .group         0x0000000000000000        0xc ./Src/mainRx.o
 .group         0x0000000000000000        0xc ./Src/mainRx.o
 .group         0x0000000000000000        0xc ./Src/mainRx.o
 .group         0x0000000000000000        0xc ./Src/mainRx.o
 .group         0x0000000000000000        0xc ./Src/mainRx.o
 .group         0x0000000000000000        0xc ./Src/mainRx.o
 .group         0x0000000000000000        0xc ./Src/mainRx.o
 .text          0x0000000000000000        0x0 ./Src/mainRx.o
 .data          0x0000000000000000        0x0 ./Src/mainRx.o
 .bss           0x0000000000000000        0x0 ./Src/mainRx.o
 .text.delay    0x0000000000000000       0x3e ./Src/mainRx.o
 .debug_macro   0x0000000000000000      0xa7e ./Src/mainRx.o
 .debug_macro   0x0000000000000000       0x3a ./Src/mainRx.o
 .debug_macro   0x0000000000000000       0x10 ./Src/mainRx.o
 .debug_macro   0x0000000000000000      0x143 ./Src/mainRx.o
 .debug_macro   0x0000000000000000       0x16 ./Src/mainRx.o
 .debug_macro   0x0000000000000000       0x34 ./Src/mainRx.o
 .debug_macro   0x0000000000000000       0x5e ./Src/mainRx.o
 .debug_macro   0x0000000000000000      0x148 ./Src/mainRx.o
 .debug_macro   0x0000000000000000       0x52 ./Src/mainRx.o
 .debug_macro   0x0000000000000000       0x94 ./Src/mainRx.o
 .debug_macro   0x0000000000000000       0x6a ./Src/mainRx.o
 .text          0x0000000000000000       0x14 ./Startup/startup_stm32g431rbtx.o
 .data          0x0000000000000000        0x0 ./Startup/startup_stm32g431rbtx.o
 .bss           0x0000000000000000        0x0 ./Startup/startup_stm32g431rbtx.o
 .text          0x0000000000000000        0x0 d:/stm32cubeide/install/stm32cubeide_1.10.1/stm32cubeide/plugins/com.st.stm32cube.ide.mcu.externaltools.gnu-tools-for-stm32.10.3-2021.10.win32_1.0.0.202111181127/tools/bin/../lib/gcc/arm-none-eabi/10.3.1/../../../../arm-none-eabi/lib/thumb/v7e-m+fp/hard\libc_nano.a(lib_a-exit.o)
 .data          0x0000000000000000        0x0 d:/stm32cubeide/install/stm32cubeide_1.10.1/stm32cubeide/plugins/com.st.stm32cube.ide.mcu.externaltools.gnu-tools-for-stm32.10.3-2021.10.win32_1.0.0.202111181127/tools/bin/../lib/gcc/arm-none-eabi/10.3.1/../../../../arm-none-eabi/lib/thumb/v7e-m+fp/hard\libc_nano.a(lib_a-exit.o)
 .bss           0x0000000000000000        0x0 d:/stm32cubeide/install/stm32cubeide_1.10.1/stm32cubeide/plugins/com.st.stm32cube.ide.mcu.externaltools.gnu-tools-for-stm32.10.3-2021.10.win32_1.0.0.202111181127/tools/bin/../lib/gcc/arm-none-eabi/10.3.1/../../../../arm-none-eabi/lib/thumb/v7e-m+fp/hard\libc_nano.a(lib_a-exit.o)
 .text.exit     0x0000000000000000       0x28 d:/stm32cubeide/install/stm32cubeide_1.10.1/stm32cubeide/plugins/com.st.stm32cube.ide.mcu.externaltools.gnu-tools-for-stm32.10.3-2021.10.win32_1.0.0.202111181127/tools/bin/../lib/gcc/arm-none-eabi/10.3.1/../../../../arm-none-eabi/lib/thumb/v7e-m+fp/hard\libc_nano.a(lib_a-exit.o)
 .debug_frame   0x0000000000000000       0x28 d:/stm32cubeide/install/stm32cubeide_1.10.1/stm32cubeide/plugins/com.st.stm32cube.ide.mcu.externaltools.gnu-tools-for-stm32.10.3-2021.10.win32_1.0.0.202111181127/tools/bin/../lib/gcc/arm-none-eabi/10.3.1/../../../../arm-none-eabi/lib/thumb/v7e-m+fp/hard\libc_nano.a(lib_a-exit.o)
 .ARM.attributes
                0x0000000000000000       0x34 d:/stm32cubeide/install/stm32cubeide_1.10.1/stm32cubeide/plugins/com.st.stm32cube.ide.mcu.externaltools.gnu-tools-for-stm32.10.3-2021.10.win32_1.0.0.202111181127/tools/bin/../lib/gcc/arm-none-eabi/10.3.1/../../../../arm-none-eabi/lib/thumb/v7e-m+fp/hard\libc_nano.a(lib_a-exit.o)
 .text          0x0000000000000000        0x0 d:/stm32cubeide/install/stm32cubeide_1.10.1/stm32cubeide/plugins/com.st.stm32cube.ide.mcu.externaltools.gnu-tools-for-stm32.10.3-2021.10.win32_1.0.0.202111181127/tools/bin/../lib/gcc/arm-none-eabi/10.3.1/../../../../arm-none-eabi/lib/thumb/v7e-m+fp/hard\libc_nano.a(lib_a-impure.o)
 .data          0x0000000000000000        0x0 d:/stm32cubeide/install/stm32cubeide_1.10.1/stm32cubeide/plugins/com.st.stm32cube.ide.mcu.externaltools.gnu-tools-for-stm32.10.3-2021.10.win32_1.0.0.202111181127/tools/bin/../lib/gcc/arm-none-eabi/10.3.1/../../../../arm-none-eabi/lib/thumb/v7e-m+fp/hard\libc_nano.a(lib_a-impure.o)
 .bss           0x0000000000000000        0x0 d:/stm32cubeide/install/stm32cubeide_1.10.1/stm32cubeide/plugins/com.st.stm32cube.ide.mcu.externaltools.gnu-tools-for-stm32.10.3-2021.10.win32_1.0.0.202111181127/tools/bin/../lib/gcc/arm-none-eabi/10.3.1/../../../../arm-none-eabi/lib/thumb/v7e-m+fp/hard\libc_nano.a(lib_a-impure.o)
 .data._impure_ptr
                0x0000000000000000        0x4 d:/stm32cubeide/install/stm32cubeide_1.10.1/stm32cubeide/plugins/com.st.stm32cube.ide.mcu.externaltools.gnu-tools-for-stm32.10.3-2021.10.win32_1.0.0.202111181127/tools/bin/../lib/gcc/arm-none-eabi/10.3.1/../../../../arm-none-eabi/lib/thumb/v7e-m+fp/hard\libc_nano.a(lib_a-impure.o)
 .data.impure_data
                0x0000000000000000       0x60 d:/stm32cubeide/install/stm32cubeide_1.10.1/stm32cubeide/plugins/com.st.stm32cube.ide.mcu.externaltools.gnu-tools-for-stm32.10.3-2021.10.win32_1.0.0.202111181127/tools/bin/../lib/gcc/arm-none-eabi/10.3.1/../../../../arm-none-eabi/lib/thumb/v7e-m+fp/hard\libc_nano.a(lib_a-impure.o)
 .rodata._global_impure_ptr
                0x0000000000000000        0x4 d:/stm32cubeide/install/stm32cubeide_1.10.1/stm32cubeide/plugins/com.st.stm32cube.ide.mcu.externaltools.gnu-tools-for-stm32.10.3-2021.10.win32_1.0.0.202111181127/tools/bin/../lib/gcc/arm-none-eabi/10.3.1/../../../../arm-none-eabi/lib/thumb/v7e-m+fp/hard\libc_nano.a(lib_a-impure.o)
 .ARM.attributes
                0x0000000000000000       0x34 d:/stm32cubeide/install/stm32cubeide_1.10.1/stm32cubeide/plugins/com.st.stm32cube.ide.mcu.externaltools.gnu-tools-for-stm32.10.3-2021.10.win32_1.0.0.202111181127/tools/bin/../lib/gcc/arm-none-eabi/10.3.1/../../../../arm-none-eabi/lib/thumb/v7e-m+fp/hard\libc_nano.a(lib_a-impure.o)
 .text          0x0000000000000000        0x0 d:/stm32cubeide/install/stm32cubeide_1.10.1/stm32cubeide/plugins/com.st.stm32cube.ide.mcu.externaltools.gnu-tools-for-stm32.10.3-2021.10.win32_1.0.0.202111181127/tools/bin/../lib/gcc/arm-none-eabi/10.3.1/../../../../arm-none-eabi/lib/thumb/v7e-m+fp/hard\libc_nano.a(lib_a-init.o)
 .data          0x0000000000000000        0x0 d:/stm32cubeide/install/stm32cubeide_1.10.1/stm32cubeide/plugins/com.st.stm32cube.ide.mcu.externaltools.gnu-tools-for-stm32.10.3-2021.10.win32_1.0.0.202111181127/tools/bin/../lib/gcc/arm-none-eabi/10.3.1/../../../../arm-none-eabi/lib/thumb/v7e-m+fp/hard\libc_nano.a(lib_a-init.o)
 .bss           0x0000000000000000        0x0 d:/stm32cubeide/install/stm32cubeide_1.10.1/stm32cubeide/plugins/com.st.stm32cube.ide.mcu.externaltools.gnu-tools-for-stm32.10.3-2021.10.win32_1.0.0.202111181127/tools/bin/../lib/gcc/arm-none-eabi/10.3.1/../../../../arm-none-eabi/lib/thumb/v7e-m+fp/hard\libc_nano.a(lib_a-init.o)
 .text          0x0000000000000000        0x0 d:/stm32cubeide/install/stm32cubeide_1.10.1/stm32cubeide/plugins/com.st.stm32cube.ide.mcu.externaltools.gnu-tools-for-stm32.10.3-2021.10.win32_1.0.0.202111181127/tools/bin/../lib/gcc/arm-none-eabi/10.3.1/../../../../arm-none-eabi/lib/thumb/v7e-m+fp/hard\libc_nano.a(lib_a-memset.o)
 .data          0x0000000000000000        0x0 d:/stm32cubeide/install/stm32cubeide_1.10.1/stm32cubeide/plugins/com.st.stm32cube.ide.mcu.externaltools.gnu-tools-for-stm32.10.3-2021.10.win32_1.0.0.202111181127/tools/bin/../lib/gcc/arm-none-eabi/10.3.1/../../../../arm-none-eabi/lib/thumb/v7e-m+fp/hard\libc_nano.a(lib_a-memset.o)
 .bss           0x0000000000000000        0x0 d:/stm32cubeide/install/stm32cubeide_1.10.1/stm32cubeide/plugins/com.st.stm32cube.ide.mcu.externaltools.gnu-tools-for-stm32.10.3-2021.10.win32_1.0.0.202111181127/tools/bin/../lib/gcc/arm-none-eabi/10.3.1/../../../../arm-none-eabi/lib/thumb/v7e-m+fp/hard\libc_nano.a(lib_a-memset.o)
 .text.memset   0x0000000000000000       0x10 d:/stm32cubeide/install/stm32cubeide_1.10.1/stm32cubeide/plugins/com.st.stm32cube.ide.mcu.externaltools.gnu-tools-for-stm32.10.3-2021.10.win32_1.0.0.202111181127/tools/bin/../lib/gcc/arm-none-eabi/10.3.1/../../../../arm-none-eabi/lib/thumb/v7e-m+fp/hard\libc_nano.a(lib_a-memset.o)
 .debug_frame   0x0000000000000000       0x20 d:/stm32cubeide/install/stm32cubeide_1.10.1/stm32cubeide/plugins/com.st.stm32cube.ide.mcu.externaltools.gnu-tools-for-stm32.10.3-2021.10.win32_1.0.0.202111181127/tools/bin/../lib/gcc/arm-none-eabi/10.3.1/../../../../arm-none-eabi/lib/thumb/v7e-m+fp/hard\libc_nano.a(lib_a-memset.o)
 .ARM.attributes
                0x0000000000000000       0x34 d:/stm32cubeide/install/stm32cubeide_1.10.1/stm32cubeide/plugins/com.st.stm32cube.ide.mcu.externaltools.gnu-tools-for-stm32.10.3-2021.10.win32_1.0.0.202111181127/tools/bin/../lib/gcc/arm-none-eabi/10.3.1/../../../../arm-none-eabi/lib/thumb/v7e-m+fp/hard\libc_nano.a(lib_a-memset.o)
 .text          0x0000000000000000        0x0 d:/stm32cubeide/install/stm32cubeide_1.10.1/stm32cubeide/plugins/com.st.stm32cube.ide.mcu.externaltools.gnu-tools-for-stm32.10.3-2021.10.win32_1.0.0.202111181127/tools/bin/../lib/gcc/arm-none-eabi/10.3.1/../../../../arm-none-eabi/lib/thumb/v7e-m+fp/hard\libnosys.a(_exit.o)
 .data          0x0000000000000000        0x0 d:/stm32cubeide/install/stm32cubeide_1.10.1/stm32cubeide/plugins/com.st.stm32cube.ide.mcu.externaltools.gnu-tools-for-stm32.10.3-2021.10.win32_1.0.0.202111181127/tools/bin/../lib/gcc/arm-none-eabi/10.3.1/../../../../arm-none-eabi/lib/thumb/v7e-m+fp/hard\libnosys.a(_exit.o)
 .bss           0x0000000000000000        0x0 d:/stm32cubeide/install/stm32cubeide_1.10.1/stm32cubeide/plugins/com.st.stm32cube.ide.mcu.externaltools.gnu-tools-for-stm32.10.3-2021.10.win32_1.0.0.202111181127/tools/bin/../lib/gcc/arm-none-eabi/10.3.1/../../../../arm-none-eabi/lib/thumb/v7e-m+fp/hard\libnosys.a(_exit.o)
 .text._exit    0x0000000000000000        0x2 d:/stm32cubeide/install/stm32cubeide_1.10.1/stm32cubeide/plugins/com.st.stm32cube.ide.mcu.externaltools.gnu-tools-for-stm32.10.3-2021.10.win32_1.0.0.202111181127/tools/bin/../lib/gcc/arm-none-eabi/10.3.1/../../../../arm-none-eabi/lib/thumb/v7e-m+fp/hard\libnosys.a(_exit.o)
 .debug_frame   0x0000000000000000       0x20 d:/stm32cubeide/install/stm32cubeide_1.10.1/stm32cubeide/plugins/com.st.stm32cube.ide.mcu.externaltools.gnu-tools-for-stm32.10.3-2021.10.win32_1.0.0.202111181127/tools/bin/../lib/gcc/arm-none-eabi/10.3.1/../../../../arm-none-eabi/lib/thumb/v7e-m+fp/hard\libnosys.a(_exit.o)
 .ARM.attributes
                0x0000000000000000       0x34 d:/stm32cubeide/install/stm32cubeide_1.10.1/stm32cubeide/plugins/com.st.stm32cube.ide.mcu.externaltools.gnu-tools-for-stm32.10.3-2021.10.win32_1.0.0.202111181127/tools/bin/../lib/gcc/arm-none-eabi/10.3.1/../../../../arm-none-eabi/lib/thumb/v7e-m+fp/hard\libnosys.a(_exit.o)
 .text          0x0000000000000000        0x0 d:/stm32cubeide/install/stm32cubeide_1.10.1/stm32cubeide/plugins/com.st.stm32cube.ide.mcu.externaltools.gnu-tools-for-stm32.10.3-2021.10.win32_1.0.0.202111181127/tools/bin/../lib/gcc/arm-none-eabi/10.3.1/thumb/v7e-m+fp/hard/crtend.o
 .data          0x0000000000000000        0x0 d:/stm32cubeide/install/stm32cubeide_1.10.1/stm32cubeide/plugins/com.st.stm32cube.ide.mcu.externaltools.gnu-tools-for-stm32.10.3-2021.10.win32_1.0.0.202111181127/tools/bin/../lib/gcc/arm-none-eabi/10.3.1/thumb/v7e-m+fp/hard/crtend.o
 .bss           0x0000000000000000        0x0 d:/stm32cubeide/install/stm32cubeide_1.10.1/stm32cubeide/plugins/com.st.stm32cube.ide.mcu.externaltools.gnu-tools-for-stm32.10.3-2021.10.win32_1.0.0.202111181127/tools/bin/../lib/gcc/arm-none-eabi/10.3.1/thumb/v7e-m+fp/hard/crtend.o
 .rodata        0x0000000000000000       0x24 d:/stm32cubeide/install/stm32cubeide_1.10.1/stm32cubeide/plugins/com.st.stm32cube.ide.mcu.externaltools.gnu-tools-for-stm32.10.3-2021.10.win32_1.0.0.202111181127/tools/bin/../lib/gcc/arm-none-eabi/10.3.1/thumb/v7e-m+fp/hard/crtend.o
 .eh_frame      0x0000000000000000        0x4 d:/stm32cubeide/install/stm32cubeide_1.10.1/stm32cubeide/plugins/com.st.stm32cube.ide.mcu.externaltools.gnu-tools-for-stm32.10.3-2021.10.win32_1.0.0.202111181127/tools/bin/../lib/gcc/arm-none-eabi/10.3.1/thumb/v7e-m+fp/hard/crtend.o
 .ARM.attributes
                0x0000000000000000       0x34 d:/stm32cubeide/install/stm32cubeide_1.10.1/stm32cubeide/plugins/com.st.stm32cube.ide.mcu.externaltools.gnu-tools-for-stm32.10.3-2021.10.win32_1.0.0.202111181127/tools/bin/../lib/gcc/arm-none-eabi/10.3.1/thumb/v7e-m+fp/hard/crtend.o
 .text          0x0000000000000000        0x0 d:/stm32cubeide/install/stm32cubeide_1.10.1/stm32cubeide/plugins/com.st.stm32cube.ide.mcu.externaltools.gnu-tools-for-stm32.10.3-2021.10.win32_1.0.0.202111181127/tools/bin/../lib/gcc/arm-none-eabi/10.3.1/thumb/v7e-m+fp/hard/crtn.o
 .data          0x0000000000000000        0x0 d:/stm32cubeide/install/stm32cubeide_1.10.1/stm32cubeide/plugins/com.st.stm32cube.ide.mcu.externaltools.gnu-tools-for-stm32.10.3-2021.10.win32_1.0.0.202111181127/tools/bin/../lib/gcc/arm-none-eabi/10.3.1/thumb/v7e-m+fp/hard/crtn.o
 .bss           0x0000000000000000        0x0 d:/stm32cubeide/install/stm32cubeide_1.10.1/stm32cubeide/plugins/com.st.stm32cube.ide.mcu.externaltools.gnu-tools-for-stm32.10.3-2021.10.win32_1.0.0.202111181127/tools/bin/../lib/gcc/arm-none-eabi/10.3.1/thumb/v7e-m+fp/hard/crtn.o

Memory Configuration

Name             Origin             Length             Attributes
CCMSRAM          0x0000000010000000 0x0000000000002800 xrw
RAM              0x0000000020000000 0x0000000000008000 xrw
FLASH            0x0000000008000000 0x0000000000020000 xr
*default*        0x0000000000000000 0xffffffffffffffff

Linker script and memory map

LOAD d:/stm32cubeide/install/stm32cubeide_1.10.1/stm32cubeide/plugins/com.st.stm32cube.ide.mcu.externaltools.gnu-tools-for-stm32.10.3-2021.10.win32_1.0.0.202111181127/tools/bin/../lib/gcc/arm-none-eabi/10.3.1/thumb/v7e-m+fp/hard/crti.o
LOAD d:/stm32cubeide/install/stm32cubeide_1.10.1/stm32cubeide/plugins/com.st.stm32cube.ide.mcu.externaltools.gnu-tools-for-stm32.10.3-2021.10.win32_1.0.0.202111181127/tools/bin/../lib/gcc/arm-none-eabi/10.3.1/thumb/v7e-m+fp/hard/crtbegin.o
LOAD d:/stm32cubeide/install/stm32cubeide_1.10.1/stm32cubeide/plugins/com.st.stm32cube.ide.mcu.externaltools.gnu-tools-for-stm32.10.3-2021.10.win32_1.0.0.202111181127/tools/bin/../lib/gcc/arm-none-eabi/10.3.1/../../../../arm-none-eabi/lib/thumb/v7e-m+fp/hard/crt0.o
LOAD ./MCAL/FDCAN/CAN_Program.o
LOAD ./MCAL/GPIO/GPIO_Program.o
LOAD ./MCAL/RCC/RCC_Program.o
LOAD ./Src/mainRx.o
LOAD ./Startup/startup_stm32g431rbtx.o
START GROUP
LOAD d:/stm32cubeide/install/stm32cubeide_1.10.1/stm32cubeide/plugins/com.st.stm32cube.ide.mcu.externaltools.gnu-tools-for-stm32.10.3-2021.10.win32_1.0.0.202111181127/tools/bin/../lib/gcc/arm-none-eabi/10.3.1/../../../../arm-none-eabi/lib/thumb/v7e-m+fp/hard\libc_nano.a
LOAD d:/stm32cubeide/install/stm32cubeide_1.10.1/stm32cubeide/plugins/com.st.stm32cube.ide.mcu.externaltools.gnu-tools-for-stm32.10.3-2021.10.win32_1.0.0.202111181127/tools/bin/../lib/gcc/arm-none-eabi/10.3.1/../../../../arm-none-eabi/lib/thumb/v7e-m+fp/hard\libm.a
END GROUP
START GROUP
LOAD d:/stm32cubeide/install/stm32cubeide_1.10.1/stm32cubeide/plugins/com.st.stm32cube.ide.mcu.externaltools.gnu-tools-for-stm32.10.3-2021.10.win32_1.0.0.202111181127/tools/bin/../lib/gcc/arm-none-eabi/10.3.1/thumb/v7e-m+fp/hard\libgcc.a
LOAD d:/stm32cubeide/install/stm32cubeide_1.10.1/stm32cubeide/plugins/com.st.stm32cube.ide.mcu.externaltools.gnu-tools-for-stm32.10.3-2021.10.win32_1.0.0.202111181127/tools/bin/../lib/gcc/arm-none-eabi/10.3.1/../../../../arm-none-eabi/lib/thumb/v7e-m+fp/hard\libc_nano.a
END GROUP
START GROUP
LOAD d:/stm32cubeide/install/stm32cubeide_1.10.1/stm32cubeide/plugins/com.st.stm32cube.ide.mcu.externaltools.gnu-tools-for-stm32.10.3-2021.10.win32_1.0.0.202111181127/tools/bin/../lib/gcc/arm-none-eabi/10.3.1/thumb/v7e-m+fp/hard\libgcc.a
LOAD d:/stm32cubeide/install/stm32cubeide_1.10.1/stm32cubeide/plugins/com.st.stm32cube.ide.mcu.externaltools.gnu-tools-for-stm32.10.3-2021.10.win32_1.0.0.202111181127/tools/bin/../lib/gcc/arm-none-eabi/10.3.1/../../../../arm-none-eabi/lib/thumb/v7e-m+fp/hard\libc_nano.a
LOAD d:/stm32cubeide/install/stm32cubeide_1.10.1/stm32cubeide/plugins/com.st.stm32cube.ide.mcu.externaltools.gnu-tools-for-stm32.10.3-2021.10.win32_1.0.0.202111181127/tools/bin/../lib/gcc/arm-none-eabi/10.3.1/../../../../arm-none-eabi/lib/thumb/v7e-m+fp/hard\libnosys.a
END GROUP
START GROUP
LOAD d:/stm32cubeide/install/stm32cubeide_1.10.1/stm32cubeide/plugins/com.st.stm32cube.ide.mcu.externaltools.gnu-tools-for-stm32.10.3-2021.10.win32_1.0.0.202111181127/tools/bin/../lib/gcc/arm-none-eabi/10.3.1/thumb/v7e-m+fp/hard\libgcc.a
LOAD d:/stm32cubeide/install/stm32cubeide_1.10.1/stm32cubeide/plugins/com.st.stm32cube.ide.mcu.externaltools.gnu-tools-for-stm32.10.3-2021.10.win32_1.0.0.202111181127/tools/bin/../lib/gcc/arm-none-eabi/10.3.1/../../../../arm-none-eabi/lib/thumb/v7e-m+fp/hard\libc_nano.a
LOAD d:/stm32cubeide/install/stm32cubeide_1.10.1/stm32cubeide/plugins/com.st.stm32cube.ide.mcu.externaltools.gnu-tools-for-stm32.10.3-2021.10.win32_1.0.0.202111181127/tools/bin/../lib/gcc/arm-none-eabi/10.3.1/../../../../arm-none-eabi/lib/thumb/v7e-m+fp/hard\libnosys.a
END GROUP
LOAD d:/stm32cubeide/install/stm32cubeide_1.10.1/stm32cubeide/plugins/com.st.stm32cube.ide.mcu.externaltools.gnu-tools-for-stm32.10.3-2021.10.win32_1.0.0.202111181127/tools/bin/../lib/gcc/arm-none-eabi/10.3.1/thumb/v7e-m+fp/hard/crtend.o
LOAD d:/stm32cubeide/install/stm32cubeide_1.10.1/stm32cubeide/plugins/com.st.stm32cube.ide.mcu.externaltools.gnu-tools-for-stm32.10.3-2021.10.win32_1.0.0.202111181127/tools/bin/../lib/gcc/arm-none-eabi/10.3.1/thumb/v7e-m+fp/hard/crtn.o
                0x0000000020008000                _estack = (ORIGIN (RAM) + LENGTH (RAM))
                0x0000000000000200                _Min_Heap_Size = 0x200
                0x0000000000000400                _Min_Stack_Size = 0x400

.isr_vector     0x0000000008000000      0x1d8
                0x0000000008000000                . = ALIGN (0x4)
 *(.isr_vector)
 .isr_vector    0x0000000008000000      0x1d8 ./Startup/startup_stm32g431rbtx.o
                0x0000000008000000                g_pfnVectors
                0x00000000080001d8                . = ALIGN (0x4)

.text           0x00000000080001d8     0x1144
                0x00000000080001d8                . = ALIGN (0x4)
 *(.text)
 .text          0x00000000080001d8       0x40 d:/stm32cubeide/install/stm32cubeide_1.10.1/stm32cubeide/plugins/com.st.stm32cube.ide.mcu.externaltools.gnu-tools-for-stm32.10.3-2021.10.win32_1.0.0.202111181127/tools/bin/../lib/gcc/arm-none-eabi/10.3.1/thumb/v7e-m+fp/hard/crtbegin.o
 *(.text*)
 .text.CAN_voidInit
                0x0000000008000218      0x320 ./MCAL/FDCAN/CAN_Program.o
                0x0000000008000218                CAN_voidInit
 .text.CAN_voidReceiveDataFrame
                0x0000000008000538      0x28c ./MCAL/FDCAN/CAN_Program.o
                0x0000000008000538                CAN_voidReceiveDataFrame
 .text.CAN_u8GetReceivedMessagesCount
                0x00000000080007c4       0x3e ./MCAL/FDCAN/CAN_Program.o
                0x00000000080007c4                CAN_u8GetReceivedMessagesCount
 *fill*         0x0000000008000802        0x2 
 .text.GPIO_voidSetPinMode
                0x0000000008000804       0xbc ./MCAL/GPIO/GPIO_Program.o
 .text.GPIO_voidSetPinOutput_typ_spd
                0x00000000080008c0       0xfc ./MCAL/GPIO/GPIO_Program.o
 .text.GPIO_voidSetPinValue
                0x00000000080009bc       0xc8 ./MCAL/GPIO/GPIO_Program.o
                0x00000000080009bc                GPIO_voidSetPinValue
 .text.GPIO_voidSetPinPUPD
                0x0000000008000a84       0xbc ./MCAL/GPIO/GPIO_Program.o
 .text.GPIO_voidTogglePin
                0x0000000008000b40       0xa0 ./MCAL/GPIO/GPIO_Program.o
                0x0000000008000b40                GPIO_voidTogglePin
 .text.GPIO_voidAltFunc
                0x0000000008000be0       0xf4 ./MCAL/GPIO/GPIO_Program.o
 .text.GPIO_voidInitPin
                0x0000000008000cd4       0x5a ./MCAL/GPIO/GPIO_Program.o
                0x0000000008000cd4                GPIO_voidInitPin
 *fill*         0x0000000008000d2e        0x2 
 .text.RCC_voidInit
                0x0000000008000d30       0xb4 ./MCAL/RCC/RCC_Program.o
                0x0000000008000d30                RCC_voidInit
 .text.RCC_voidPeripheralClockEnable
                0x0000000008000de4       0xc8 ./MCAL/RCC/RCC_Program.o
                0x0000000008000de4                RCC_voidPeripheralClockEnable
 .text.main     0x0000000008000eac      0x248 ./Src/mainRx.o
                0x0000000008000eac                main
 .text.APP_voidGpioInit
                0x00000000080010f4       0xbe ./Src/mainRx.o
                0x00000000080010f4                APP_voidGpioInit
 *fill*         0x00000000080011b2        0x2 
 .text.APP_voidCanInit
                0x00000000080011b4       0xb4 ./Src/mainRx.o
                0x00000000080011b4                APP_voidCanInit
 .text.Reset_Handler
                0x0000000008001268       0x50 ./Startup/startup_stm32g431rbtx.o
                0x0000000008001268                Reset_Handler
 .text.Default_Handler
                0x00000000080012b8        0x2 ./Startup/startup_stm32g431rbtx.o
                0x00000000080012b8                EXTI2_IRQHandler
                0x00000000080012b8                TIM8_TRG_COM_IRQHandler
                0x00000000080012b8                TIM8_CC_IRQHandler
                0x00000000080012b8                DebugMon_Handler
                0x00000000080012b8                DMA1_CH4_IRQHandler
                0x00000000080012b8                TIM1_CC_IRQHandler
                0x00000000080012b8                Cordic_IRQHandler
                0x00000000080012b8                HardFault_Handler
                0x00000000080012b8                USB_HP_IRQHandler
                0x00000000080012b8                SysTick_Handler
                0x00000000080012b8                PendSV_Handler
                0x00000000080012b8                NMI_Handler
                0x00000000080012b8                EXTI3_IRQHandler
                0x00000000080012b8                I2C3_ER_IRQHandler
                0x00000000080012b8                TIM6_DACUNDER_IRQHandler
                0x00000000080012b8                EXTI0_IRQHandler
                0x00000000080012b8                I2C2_EV_IRQHandler
                0x00000000080012b8                DMA2_CH1_IRQHandler
                0x00000000080012b8                FPU_IRQHandler
                0x00000000080012b8                FDCAN1_IT1_IRQHandler
                0x00000000080012b8                TIM1_UP_TIM16_IRQHandler
                0x00000000080012b8                UsageFault_Handler
                0x00000000080012b8                ADC1_2_IRQHandler
                0x00000000080012b8                SPI1_IRQHandler
                0x00000000080012b8                TIM8_UP_IRQHandler
                0x00000000080012b8                USBWakeUP_IRQHandler
                0x00000000080012b8                RTC_ALARM_IRQHandler
                0x00000000080012b8                DMA1_CH6_IRQHandler
                0x00000000080012b8                USART3_IRQHandler
                0x00000000080012b8                LPUART_IRQHandler
                0x00000000080012b8                TIM4_IRQHandler
                0x00000000080012b8                I2C1_EV_IRQHandler
                0x00000000080012b8                DMA2_CH5_IRQHandler
                0x00000000080012b8                UART4_IRQHandler
                0x00000000080012b8                DMA1_CH3_IRQHandler
                0x00000000080012b8                TIM3_IRQHandler
                0x00000000080012b8                RCC_IRQHandler
                0x00000000080012b8                TIM1_TRG_COM_IRQHandler
                0x00000000080012b8                Default_Handler
                0x00000000080012b8                FMAC_IRQHandler
                0x00000000080012b8                EXTI15_10_IRQHandler
                0x00000000080012b8                TIM7_IRQHandler
                0x00000000080012b8                UCPD1_IRQHandler
                0x00000000080012b8                I2C3_EV_IRQHandler
                0x00000000080012b8                EXTI9_5_IRQHandler
                0x00000000080012b8                DMA1_CH2_IRQHandler
                0x00000000080012b8                RTC_WKUP_IRQHandler
                0x00000000080012b8                SAI_IRQHandler
                0x00000000080012b8                PVD_PVM_IRQHandler
                0x00000000080012b8                SPI2_IRQHandler
                0x00000000080012b8                DMA1_CH1_IRQHandler
                0x00000000080012b8                MemManage_Handler
                0x00000000080012b8                SVC_Handler
                0x00000000080012b8                CRS_IRQHandler
                0x00000000080012b8                USB_LP_IRQHandler
                0x00000000080012b8                EXTI4_IRQHandler
                0x00000000080012b8                RNG_IRQHandler
                0x00000000080012b8                WWDG_IRQHandler
                0x00000000080012b8                FDCAN1_IT0_IRQHandler
                0x00000000080012b8                TIM2_IRQHandler
                0x00000000080012b8                COMP7_IRQHandler
                0x00000000080012b8                COMP1_2_3_IRQHandler
                0x00000000080012b8                EXTI1_IRQHandler
                0x00000000080012b8                AES_IRQHandler
                0x00000000080012b8                USART2_IRQHandler
                0x00000000080012b8                COMP4_5_6_IRQHandler
                0x00000000080012b8                I2C2_ER_IRQHandler
                0x00000000080012b8                TIM8_BRK_IRQHandler
                0x00000000080012b8                FLASH_IRQHandler
                0x00000000080012b8                BusFault_Handler
                0x00000000080012b8                USART1_IRQHandler
                0x00000000080012b8                SPI3_IRQHandler
                0x00000000080012b8                DMA2_CH6_IRQHandler
                0x00000000080012b8                DMA2_CH3_IRQHandler
                0x00000000080012b8                DMA2_CH2_IRQHandler
                0x00000000080012b8                I2C1_ER_IRQHandler
                0x00000000080012b8                DMA1_CH5_IRQHandler
                0x00000000080012b8                DMA2_CH4_IRQHandler
                0x00000000080012b8                LPTIM1_IRQHandler
                0x00000000080012b8                DMAMUX_OVR_IRQHandler
                0x00000000080012b8                RTC_TAMP_CSS_LSE_IRQHandler
                0x00000000080012b8                TIM1_BRK_TIM15_IRQHandler
 *fill*         0x00000000080012ba        0x2 
 .text.__libc_init_array
                0x00000000080012bc       0x48 d:/stm32cubeide/install/stm32cubeide_1.10.1/stm32cubeide/plugins/com.st.stm32cube.ide.mcu.externaltools.gnu-tools-for-stm32.10.3-2021.10.win32_1.0.0.202111181127/tools/bin/../lib/gcc/arm-none-eabi/10.3.1/../../../../arm-none-eabi/lib/thumb/v7e-m+fp/hard\libc_nano.a(lib_a-init.o)
                0x00000000080012bc                __libc_init_array
 *(.glue_7)
 .glue_7        0x0000000008001304        0x0 linker stubs
 *(.glue_7t)
 .glue_7t       0x0000000008001304        0x0 linker stubs
 *(.eh_frame)
 .eh_frame      0x0000000008001304        0x0 d:/stm32cubeide/install/stm32cubeide_1.10.1/stm32cubeide/plugins/com.st.stm32cube.ide.mcu.externaltools.gnu-tools-for-stm32.10.3-2021.10.win32_1.0.0.202111181127/tools/bin/../lib/gcc/arm-none-eabi/10.3.1/thumb/v7e-m+fp/hard/crtbegin.o
 *(.init)
 .init          0x0000000008001304        0x4 d:/stm32cubeide/install/stm32cubeide_1.10.1/stm32cubeide/plugins/com.st.stm32cube.ide.mcu.externaltools.gnu-tools-for-stm32.10.3-2021.10.win32_1.0.0.202111181127/tools/bin/../lib/gcc/arm-none-eabi/10.3.1/thumb/v7e-m+fp/hard/crti.o
                0x0000000008001304                _init
 .init          0x0000000008001308        0x8 d:/stm32cubeide/install/stm32cubeide_1.10.1/stm32cubeide/plugins/com.st.stm32cube.ide.mcu.externaltools.gnu-tools-for-stm32.10.3-2021.10.win32_1.0.0.202111181127/tools/bin/../lib/gcc/arm-none-eabi/10.3.1/thumb/v7e-m+fp/hard/crtn.o
 *(.fini)
 .fini          0x0000000008001310        0x4 d:/stm32cubeide/install/stm32cubeide_1.10.1/stm32cubeide/plugins/com.st.stm32cube.ide.mcu.externaltools.gnu-tools-for-stm32.10.3-2021.10.win32_1.0.0.202111181127/tools/bin/../lib/gcc/arm-none-eabi/10.3.1/thumb/v7e-m+fp/hard/crti.o
                0x0000000008001310                _fini
 .fini          0x0000000008001314        0x8 d:/stm32cubeide/install/stm32cubeide_1.10.1/stm32cubeide/plugins/com.st.stm32cube.ide.mcu.externaltools.gnu-tools-for-stm32.10.3-2021.10.win32_1.0.0.202111181127/tools/bin/../lib/gcc/arm-none-eabi/10.3.1/thumb/v7e-m+fp/hard/crtn.o
                0x000000000800131c                . = ALIGN (0x4)
                0x000000000800131c                _etext = .

.vfp11_veneer   0x000000000800131c        0x0
 .vfp11_veneer  0x000000000800131c        0x0 linker stubs

.v4_bx          0x000000000800131c        0x0
 .v4_bx         0x000000000800131c        0x0 linker stubs

.iplt           0x000000000800131c        0x0
 .iplt          0x000000000800131c        0x0 d:/stm32cubeide/install/stm32cubeide_1.10.1/stm32cubeide/plugins/com.st.stm32cube.ide.mcu.externaltools.gnu-tools-for-stm32.10.3-2021.10.win32_1.0.0.202111181127/tools/bin/../lib/gcc/arm-none-eabi/10.3.1/thumb/v7e-m+fp/hard/crtbegin.o

.rodata         0x000000000800131c       0x10
                0x000000000800131c                . = ALIGN (0x4)
 *(.rodata)
 .rodata        0x000000000800131c       0x10 ./Src/mainRx.o
 *(.rodata*)
                0x000000000800132c                . = ALIGN (0x4)

.rel.dyn        0x000000000800132c        0x0
 .rel.iplt      0x000000000800132c        0x0 d:/stm32cubeide/install/stm32cubeide_1.10.1/stm32cubeide/plugins/com.st.stm32cube.ide.mcu.externaltools.gnu-tools-for-stm32.10.3-2021.10.win32_1.0.0.202111181127/tools/bin/../lib/gcc/arm-none-eabi/10.3.1/thumb/v7e-m+fp/hard/crtbegin.o

.ARM.extab      0x000000000800132c        0x0
                0x000000000800132c                . = ALIGN (0x4)
 *(.ARM.extab* .gnu.linkonce.armextab.*)
                0x000000000800132c                . = ALIGN (0x4)

.ARM            0x000000000800132c        0x0
                0x000000000800132c                . = ALIGN (0x4)
                0x000000000800132c                __exidx_start = .
 *(.ARM.exidx*)
                0x000000000800132c                __exidx_end = .
                0x000000000800132c                . = ALIGN (0x4)

.preinit_array  0x000000000800132c        0x0
                0x000000000800132c                . = ALIGN (0x4)
                0x000000000800132c                PROVIDE (__preinit_array_start = .)
 *(.preinit_array*)
                0x000000000800132c                PROVIDE (__preinit_array_end = .)
                0x000000000800132c                . = ALIGN (0x4)

.init_array     0x000000000800132c        0x4
                0x000000000800132c                . = ALIGN (0x4)
                0x000000000800132c                PROVIDE (__init_array_start = .)
 *(SORT_BY_NAME(.init_array.*))
 *(.init_array*)
 .init_array    0x000000000800132c        0x4 d:/stm32cubeide/install/stm32cubeide_1.10.1/stm32cubeide/plugins/com.st.stm32cube.ide.mcu.externaltools.gnu-tools-for-stm32.10.3-2021.10.win32_1.0.0.202111181127/tools/bin/../lib/gcc/arm-none-eabi/10.3.1/thumb/v7e-m+fp/hard/crtbegin.o
                0x0000000008001330                PROVIDE (__init_array_end = .)
                0x0000000008001330                . = ALIGN (0x4)

.fini_array     0x0000000008001330        0x4
                0x0000000008001330                . = ALIGN (0x4)
                [!provide]                        PROVIDE (__fini_array_start = .)
 *(SORT_BY_NAME(.fini_array.*))
 *(.fini_array*)
 .fini_array    0x0000000008001330        0x4 d:/stm32cubeide/install/stm32cubeide_1.10.1/stm32cubeide/plugins/com.st.stm32cube.ide.mcu.externaltools.gnu-tools-for-stm32.10.3-2021.10.win32_1.0.0.202111181127/tools/bin/../lib/gcc/arm-none-eabi/10.3.1/thumb/v7e-m+fp/hard/crtbegin.o
                [!provide]                        PROVIDE (__fini_array_end = .)
                0x0000000008001334                . = ALIGN (0x4)
                0x0000000008001334                _sidata = LOADADDR (.data)

.data           0x0000000020000000        0x0 load address 0x0000000008001334
                0x0000000020000000                . = ALIGN (0x4)
                0x0000000020000000                _sdata = .
 *(.data)
 *(.data*)
 *(.RamFunc)
 *(.RamFunc*)
                0x0000000020000000                . = ALIGN (0x4)
                0x0000000020000000                _edata = .
                0x0000000008001334                _siccmsram = LOADADDR (.ccmsram)

.igot.plt       0x0000000020000000        0x0 load address 0x0000000008001334
 .igot.plt      0x0000000020000000        0x0 d:/stm32cubeide/install/stm32cubeide_1.10.1/stm32cubeide/plugins/com.st.stm32cube.ide.mcu.externaltools.gnu-tools-for-stm32.10.3-2021.10.win32_1.0.0.202111181127/tools/bin/../lib/gcc/arm-none-eabi/10.3.1/thumb/v7e-m+fp/hard/crtbegin.o

.ccmsram        0x0000000010000000        0x0 load address 0x0000000008001334
                0x0000000010000000                . = ALIGN (0x4)
                0x0000000010000000                _sccmsram = .
 *(.ccmsram)
 *(.ccmsram*)
                0x0000000010000000                . = ALIGN (0x4)
                0x0000000010000000                _eccmsram = .
                0x0000000010000000                . = ALIGN (0x4)

.bss            0x0000000020000000       0x1c
                0x0000000020000000                _sbss = .
                0x0000000020000000                __bss_start__ = _sbss
 *(.bss)
 .bss           0x0000000020000000       0x1c d:/stm32cubeide/install/stm32cubeide_1.10.1/stm32cubeide/plugins/com.st.stm32cube.ide.mcu.externaltools.gnu-tools-for-stm32.10.3-2021.10.win32_1.0.0.202111181127/tools/bin/../lib/gcc/arm-none-eabi/10.3.1/thumb/v7e-m+fp/hard/crtbegin.o
 *(.bss*)
 *(COMMON)
                0x000000002000001c                . = ALIGN (0x4)
                0x000000002000001c                _ebss = .
                0x000000002000001c                __bss_end__ = _ebss

._user_heap_stack
                0x000000002000001c      0x604
                0x0000000020000020                . = ALIGN (0x8)
 *fill*         0x000000002000001c        0x4 
                [!provide]                        PROVIDE (end = .)
                [!provide]                        PROVIDE (_end = .)
                0x0000000020000220                . = (. + _Min_Heap_Size)
 *fill*         0x0000000020000020      0x200 
                0x0000000020000620                . = (. + _Min_Stack_Size)
 *fill*         0x0000000020000220      0x400 
                0x0000000020000620                . = ALIGN (0x8)

/DISCARD/
 libc.a(*)
 libm.a(*)
 libgcc.a(*)

.ARM.attributes
                0x0000000000000000       0x30
 *(.ARM.attributes)
 .ARM.attributes
                0x0000000000000000       0x1e d:/stm32cubeide/install/stm32cubeide_1.10.1/stm32cubeide/plugins/com.st.stm32cube.ide.mcu.externaltools.gnu-tools-for-stm32.10.3-2021.10.win32_1.0.0.202111181127/tools/bin/../lib/gcc/arm-none-eabi/10.3.1/thumb/v7e-m+fp/hard/crti.o
 .ARM.attributes
                0x000000000000001e       0x34 d:/stm32cubeide/install/stm32cubeide_1.10.1/stm32cubeide/plugins/com.st.stm32cube.ide.mcu.externaltools.gnu-tools-for-stm32.10.3-2021.10.win32_1.0.0.202111181127/tools/bin/../lib/gcc/arm-none-eabi/10.3.1/thumb/v7e-m+fp/hard/crtbegin.o
 .ARM.attributes
                0x0000000000000052       0x34 ./MCAL/FDCAN/CAN_Program.o
 .ARM.attributes
                0x0000000000000086       0x34 ./MCAL/GPIO/GPIO_Program.o
 .ARM.attributes
                0x00000000000000ba       0x34 ./MCAL/RCC/RCC_Program.o
 .ARM.attributes
                0x00000000000000ee       0x34 ./Src/mainRx.o
 .ARM.attributes
                0x0000000000000122       0x21 ./Startup/startup_stm32g431rbtx.o
 .ARM.attributes
                0x0000000000000143       0x34 d:/stm32cubeide/install/stm32cubeide_1.10.1/stm32cubeide/plugins/com.st.stm32cube.ide.mcu.externaltools.gnu-tools-for-stm32.10.3-2021.10.win32_1.0.0.202111181127/tools/bin/../lib/gcc/arm-none-eabi/10.3.1/../../../../arm-none-eabi/lib/thumb/v7e-m+fp/hard\libc_nano.a(lib_a-init.o)
 .ARM.attributes
                0x0000000000000177       0x1e d:/stm32cubeide/install/stm32cubeide_1.10.1/stm32cubeide/plugins/com.st.stm32cube.ide.mcu.externaltools.gnu-tools-for-stm32.10.3-2021.10.win32_1.0.0.202111181127/tools/bin/../lib/gcc/arm-none-eabi/10.3.1/thumb/v7e-m+fp/hard/crtn.o
OUTPUT(FDCAN.elf elf32-littlearm)
LOAD linker stubs
LOAD d:/stm32cubeide/install/stm32cubeide_1.10.1/stm32cubeide/plugins/com.st.stm32cube.ide.mcu.externaltools.gnu-tools-for-stm32.10.3-2021.10.win32_1.0.0.202111181127/tools/bin/../lib/gcc/arm-none-eabi/10.3.1/../../../../arm-none-eabi/lib/thumb/v7e-m+fp/hard\libc.a
LOAD d:/stm32cubeide/install/stm32cubeide_1.10.1/stm32cubeide/plugins/com.st.stm32cube.ide.mcu.externaltools.gnu-tools-for-stm32.10.3-2021.10.win32_1.0.0.202111181127/tools/bin/../lib/gcc/arm-none-eabi/10.3.1/../../../../arm-none-eabi/lib/thumb/v7e-m+fp/hard\libm.a
LOAD d:/stm32cubeide/install/stm32cubeide_1.10.1/stm32cubeide/plugins/com.st.stm32cube.ide.mcu.externaltools.gnu-tools-for-stm32.10.3-2021.10.win32_1.0.0.202111181127/tools/bin/../lib/gcc/arm-none-eabi/10.3.1/thumb/v7e-m+fp/hard\libgcc.a

.debug_info     0x0000000000000000     0x1ec8
 .debug_info    0x0000000000000000      0x885 ./MCAL/FDCAN/CAN_Program.o
 .debug_info    0x0000000000000885      0x535 ./MCAL/GPIO/GPIO_Program.o
 .debug_info    0x0000000000000dba      0x60e ./MCAL/RCC/RCC_Program.o
 .debug_info    0x00000000000013c8      0xade ./Src/mainRx.o
 .debug_info    0x0000000000001ea6       0x22 ./Startup/startup_stm32g431rbtx.o

.debug_abbrev   0x0000000000000000      0x5b6
 .debug_abbrev  0x0000000000000000      0x185 ./MCAL/FDCAN/CAN_Program.o
 .debug_abbrev  0x0000000000000185      0x190 ./MCAL/GPIO/GPIO_Program.o
 .debug_abbrev  0x0000000000000315       0xef ./MCAL/RCC/RCC_Program.o
 .debug_abbrev  0x0000000000000404      0x1a0 ./Src/mainRx.o
 .debug_abbrev  0x00000000000005a4       0x12 ./Startup/startup_stm32g431rbtx.o

.debug_aranges  0x0000000000000000      0x178
 .debug_aranges
                0x0000000000000000       0x50 ./MCAL/FDCAN/CAN_Program.o
 .debug_aranges
                0x0000000000000050       0x78 ./MCAL/GPIO/GPIO_Program.o
 .debug_aranges
                0x00000000000000c8       0x50 ./MCAL/RCC/RCC_Program.o
 .debug_aranges
                0x0000000000000118       0x38 ./Src/mainRx.o
 .debug_aranges
                0x0000000000000150       0x28 ./Startup/startup_stm32g431rbtx.o

.debug_ranges   0x0000000000000000      0x130
 .debug_ranges  0x0000000000000000       0x40 ./MCAL/FDCAN/CAN_Program.o
 .debug_ranges  0x0000000000000040       0x68 ./MCAL/GPIO/GPIO_Program.o
 .debug_ranges  0x00000000000000a8       0x40 ./MCAL/RCC/RCC_Program.o
 .debug_ranges  0x00000000000000e8       0x28 ./Src/mainRx.o
 .debug_ranges  0x0000000000000110       0x20 ./Startup/startup_stm32g431rbtx.o

.debug_macro    0x0000000000000000     0x10a2
 .debug_macro   0x0000000000000000       0x3b ./MCAL/FDCAN/CAN_Program.o
 .debug_macro   0x000000000000003b      0xa7e ./MCAL/FDCAN/CAN_Program.o
 .debug_macro   0x0000000000000ab9       0x10 ./MCAL/FDCAN/CAN_Program.o
 .debug_macro   0x0000000000000ac9       0x52 ./MCAL/FDCAN/CAN_Program.o
 .debug_macro   0x0000000000000b1b       0x94 ./MCAL/FDCAN/CAN_Program.o
 .debug_macro   0x0000000000000baf       0x6a ./MCAL/FDCAN/CAN_Program.o
 .debug_macro   0x0000000000000c19       0x45 ./MCAL/GPIO/GPIO_Program.o
 .debug_macro   0x0000000000000c5e       0x3a ./MCAL/GPIO/GPIO_Program.o
 .debug_macro   0x0000000000000c98       0x5e ./MCAL/GPIO/GPIO_Program.o
 .debug_macro   0x0000000000000cf6      0x148 ./MCAL/GPIO/GPIO_Program.o
 .debug_macro   0x0000000000000e3e       0x44 ./MCAL/RCC/RCC_Program.o
 .debug_macro   0x0000000000000e82      0x143 ./MCAL/RCC/RCC_Program.o
 .debug_macro   0x0000000000000fc5       0x16 ./MCAL/RCC/RCC_Program.o
 .debug_macro   0x0000000000000fdb       0x34 ./MCAL/RCC/RCC_Program.o
 .debug_macro   0x000000000000100f       0x93 ./Src/mainRx.o

.debug_line     0x0000000000000000      0xfb1
 .debug_line    0x0000000000000000      0x513 ./MCAL/FDCAN/CAN_Program.o
 .debug_line    0x0000000000000513      0x495 ./MCAL/GPIO/GPIO_Program.o
 .debug_line    0x00000000000009a8      0x257 ./MCAL/RCC/RCC_Program.o
 .debug_line    0x0000000000000bff      0x32e ./Src/mainRx.o
 .debug_line    0x0000000000000f2d       0x84 ./Startup/startup_stm32g431rbtx.o

.debug_str      0x0000000000000000     0x48e1
 .debug_str     0x0000000000000000     0x36eb ./MCAL/FDCAN/CAN_Program.o
                                       0x376f (size before relaxing)
 .debug_str     0x00000000000036eb      0x8aa ./MCAL/GPIO/GPIO_Program.o
                                       0x3636 (size before relaxing)
 .debug_str     0x0000000000003f95      0x8a2 ./MCAL/RCC/RCC_Program.o
                                       0x3771 (size before relaxing)
 .debug_str     0x0000000000004837       0x79 ./Src/mainRx.o
                                       0x448f (size before relaxing)
 .debug_str     0x00000000000048b0       0x31 ./Startup/startup_stm32g431rbtx.o
                                         0x73 (size before relaxing)

.comment        0x0000000000000000       0x50
 .comment       0x0000000000000000       0x50 ./MCAL/FDCAN/CAN_Program.o
                                         0x51 (size before relaxing)
 .comment       0x0000000000000050       0x51 ./MCAL/GPIO/GPIO_Program.o
 .comment       0x0000000000000050       0x51 ./MCAL/RCC/RCC_Program.o
 .comment       0x0000000000000050       0x51 ./Src/mainRx.o

.debug_frame    0x0000000000000000      0x500
 .debug_frame   0x0000000000000000      0x128 ./MCAL/FDCAN/CAN_Program.o
 .debug_frame   0x0000000000000128      0x1ec ./MCAL/GPIO/GPIO_Program.o
 .debug_frame   0x0000000000000314      0x120 ./MCAL/RCC/RCC_Program.o
 .debug_frame   0x0000000000000434       0xa0 ./Src/mainRx.o
 .debug_frame   0x00000000000004d4       0x2c d:/stm32cubeide/install/stm32cubeide_1.10.1/stm32cubeide/plugins/com.st.stm32cube.ide.mcu.externaltools.gnu-tools-for-stm32.10.3-2021.10.win32_1.0.0.202111181127/tools/bin/../lib/gcc/arm-none-eabi/10.3.1/../../../../arm-none-eabi/lib/thumb/v7e-m+fp/hard\libc_nano.a(lib_a-init.o)
